<html>
<body>
<pre>
<h1>µVision Build Log</h1>
<h2>Tool Versions:</h2>
IDE-Version: ¦ÌVision V5.42.0.0
Copyright (C) 2025 ARM Ltd and ARM Germany GmbH. All rights reserved.
License Information: kong xiangji, panasonic, LIC=UB4EI-TYHJP-XC7J0-BCS4B-WLZ28-ETCFM
 
Tool Versions:
Toolchain:       MDK-ARM Professional  Version: 5.42.0.0
Toolchain Path:  D:\03_Software\01_Development\11_Keil5_MDK\01_Core\ARM\ARMCLANG\Bin
C Compiler:      ArmClang.exe V6.23
Assembler:       Armasm.exe V6.23
Linker/Locator:  ArmLink.exe V6.23
Library Manager: ArmAr.exe V6.23
Hex Converter:   FromElf.exe V6.23
CPU DLL:         
Dialog DLL:      
Target DLL:      CMSIS_AGDI_V8M.DLL V1.8.6.0
Dialog DLL:      TCM.DLL V1.56.6.0
 
<h2>Project:</h2>
D:\02_Workspace\00_Project\01_MiniPCR\100_Work\100_Trunk\src\001_PCR_GD32E230\Template\Keil_project\Project.uvprojx
Project File Date:  02/08/2026

<h2>Output:</h2>
*** Using Compiler 'V6.23', folder: 'D:\03_Software\01_Development\11_Keil5_MDK\01_Core\ARM\ARMCLANG\Bin'
Rebuild target 'GD32E23x'
compiling gd32e23x_dbg.c...
compiling gd32e23x_exti.c...
compiling gd32e23x_pmu.c...
compiling systick.c...
compiling main.c...
compiling gd32e23x_it.c...
compiling system_gd32e23x.c...
compiling gd32e23x_cmp.c...
compiling delay.c...
compiling gd32e23x_gpio.c...
compiling gd32e23x_i2c.c...
compiling owmy.c...
compiling ow2.c...
compiling gd32e23x_dma.c...
compiling pid.c...
compiling config.c...
compiling gd32e23x_crc.c...
compiling gd32e23x_fwdgt.c...
compiling gd32e23x_misc.c...
compiling gd32e23x_syscfg.c...
compiling gd32e23x_fmc.c...
compiling T117_MTS4_OW.c...
compiling gd32e23x_adc.c...
compiling gd32e23x_rtc.c...
compiling gd32e23x_spi.c...
compiling gd32e23x_rcu.c...
compiling gd32e23x_timer.c...
assembling startup_gd32e23x.s...
compiling gd32e23x_usart.c...
compiling gd32e23x_wwdgt.c...
linking...
Program Size: Code=13444 RO-data=260 RW-data=8 ZI-data=1168  
".\output\Project.axf" - 0 Error(s), 0 Warning(s).

<h2>Software Packages used:</h2>

Package Vendor: ARM
                https://www.keil.com/pack/ARM.CMSIS.6.1.0.pack
                ARM::CMSIS@6.1.0
                CMSIS (Common Microcontroller Software Interface Standard)
   * Component: CORE Version: 6.1.0

Package Vendor: GigaDevice
                https://gd32mcu.com/data/documents/pack/GigaDevice.GD32E23x_DFP.1.0.2.pack
                GigaDevice::GD32E23x_DFP@1.0.2
                GigaDevice GD32E23x Series Device Support and Examples

<h2>Collection of Component include folders:</h2>
  ./RTE/_GD32E23x
  D:/03_Software/01_Development/11_Keil5_MDK/02_Pack/ARM/CMSIS/6.1.0/CMSIS/Core/Include
  D:/03_Software/01_Development/11_Keil5_MDK/02_Pack/GigaDevice/GD32E23x_DFP/1.0.2/Device/Include

<h2>Collection of Component Files used:</h2>

   * Component: ARM::CMSIS:CORE@6.1.0
Build Time Elapsed:  00:00:02
</pre>
</body>
</html>
