Component: Arm Compiler for Embedded 6.23 Tool: armlink [5f102400]

==============================================================================

Section Cross References

    gd32e23x_it.o(.text.NMI_Handler) refers to gd32e23x_syscfg.o(.text.syscfg_flag_get) for syscfg_flag_get
    gd32e23x_it.o(.ARM.exidx.text.NMI_Handler) refers to gd32e23x_it.o(.text.NMI_Handler) for [Anonymous Symbol]
    gd32e23x_it.o(.ARM.exidx.text.HardFault_Handler) refers to gd32e23x_it.o(.text.HardFault_Handler) for [Anonymous Symbol]
    gd32e23x_it.o(.ARM.exidx.text.SVC_Handler) refers to gd32e23x_it.o(.text.SVC_Handler) for [Anonymous Symbol]
    gd32e23x_it.o(.ARM.exidx.text.PendSV_Handler) refers to gd32e23x_it.o(.text.PendSV_Handler) for [Anonymous Symbol]
    gd32e23x_it.o(.text.SysTick_Handler) refers to systick.o(.text.delay_decrement) for delay_decrement
    gd32e23x_it.o(.ARM.exidx.text.SysTick_Handler) refers to gd32e23x_it.o(.text.SysTick_Handler) for [Anonymous Symbol]
    gd32e23x_it.o(.text.TIMER2_IRQHandler) refers to gd32e23x_timer.o(.text.timer_flag_get) for timer_flag_get
    gd32e23x_it.o(.text.TIMER2_IRQHandler) refers to gd32e23x_timer.o(.text.timer_flag_clear) for timer_flag_clear
    gd32e23x_it.o(.text.TIMER2_IRQHandler) refers to gd32e23x_it.o(.bss.TIMER2_IRQHandler.ms_count_100ms) for [Anonymous Symbol]
    gd32e23x_it.o(.text.TIMER2_IRQHandler) refers to config.o(.bss.flag_100ms) for flag_100ms
    gd32e23x_it.o(.ARM.exidx.text.TIMER2_IRQHandler) refers to gd32e23x_it.o(.text.TIMER2_IRQHandler) for [Anonymous Symbol]
    gd32e23x_it.o(.text.TIMER5_IRQHandler) refers to gd32e23x_timer.o(.text.timer_flag_get) for timer_flag_get
    gd32e23x_it.o(.text.TIMER5_IRQHandler) refers to gd32e23x_timer.o(.text.timer_flag_clear) for timer_flag_clear
    gd32e23x_it.o(.text.TIMER5_IRQHandler) refers to gd32e23x_gpio.o(.text.gpio_bit_set) for gpio_bit_set
    gd32e23x_it.o(.text.TIMER5_IRQHandler) refers to gd32e23x_gpio.o(.text.gpio_bit_reset) for gpio_bit_reset
    gd32e23x_it.o(.text.TIMER5_IRQHandler) refers to main.o(.bss.blink_state) for blink_state
    gd32e23x_it.o(.text.TIMER5_IRQHandler) refers to main.o(.bss.red_steady_on) for red_steady_on
    gd32e23x_it.o(.text.TIMER5_IRQHandler) refers to main.o(.bss.red_blink_enable) for red_blink_enable
    gd32e23x_it.o(.text.TIMER5_IRQHandler) refers to main.o(.bss.green_steady_on) for green_steady_on
    gd32e23x_it.o(.text.TIMER5_IRQHandler) refers to main.o(.bss.green_blink_enable) for green_blink_enable
    gd32e23x_it.o(.text.TIMER5_IRQHandler) refers to main.o(.bss.zone1_insert_blink_count) for zone1_insert_blink_count
    gd32e23x_it.o(.text.TIMER5_IRQHandler) refers to main.o(.bss.zone1_led_state) for zone1_led_state
    gd32e23x_it.o(.text.TIMER5_IRQHandler) refers to main.o(.bss.zone1_blink_state) for zone1_blink_state
    gd32e23x_it.o(.text.TIMER5_IRQHandler) refers to main.o(.bss.zone1_blink_count) for zone1_blink_count
    gd32e23x_it.o(.text.TIMER5_IRQHandler) refers to main.o(.bss.zone2_insert_blink_count) for zone2_insert_blink_count
    gd32e23x_it.o(.text.TIMER5_IRQHandler) refers to main.o(.bss.zone2_led_state) for zone2_led_state
    gd32e23x_it.o(.text.TIMER5_IRQHandler) refers to main.o(.bss.zone2_blink_state) for zone2_blink_state
    gd32e23x_it.o(.text.TIMER5_IRQHandler) refers to main.o(.bss.zone2_blink_count) for zone2_blink_count
    gd32e23x_it.o(.text.TIMER5_IRQHandler) refers to main.o(.bss.lysis1_insert_blink_count) for lysis1_insert_blink_count
    gd32e23x_it.o(.text.TIMER5_IRQHandler) refers to main.o(.bss.lysis1_led_state) for lysis1_led_state
    gd32e23x_it.o(.text.TIMER5_IRQHandler) refers to main.o(.bss.lysis1_blink_state) for lysis1_blink_state
    gd32e23x_it.o(.text.TIMER5_IRQHandler) refers to main.o(.bss.lysis1_blink_count) for lysis1_blink_count
    gd32e23x_it.o(.text.TIMER5_IRQHandler) refers to main.o(.bss.lysis2_insert_blink_count) for lysis2_insert_blink_count
    gd32e23x_it.o(.text.TIMER5_IRQHandler) refers to main.o(.bss.lysis2_led_state) for lysis2_led_state
    gd32e23x_it.o(.text.TIMER5_IRQHandler) refers to main.o(.bss.lysis2_blink_state) for lysis2_blink_state
    gd32e23x_it.o(.text.TIMER5_IRQHandler) refers to main.o(.bss.lysis2_blink_count) for lysis2_blink_count
    gd32e23x_it.o(.text.TIMER5_IRQHandler) refers to main.o(.bss.lysis3_insert_blink_count) for lysis3_insert_blink_count
    gd32e23x_it.o(.text.TIMER5_IRQHandler) refers to main.o(.bss.lysis3_led_state) for lysis3_led_state
    gd32e23x_it.o(.text.TIMER5_IRQHandler) refers to main.o(.bss.lysis3_blink_state) for lysis3_blink_state
    gd32e23x_it.o(.text.TIMER5_IRQHandler) refers to main.o(.bss.lysis3_blink_count) for lysis3_blink_count
    gd32e23x_it.o(.ARM.exidx.text.TIMER5_IRQHandler) refers to gd32e23x_it.o(.text.TIMER5_IRQHandler) for [Anonymous Symbol]
    main.o(.text.fputc) refers to gd32e23x_usart.o(.text.usart_data_transmit) for usart_data_transmit
[...]
    [Anonymous Symbol]                       0x08000eec   Section        0  t117_mts4_ow.o(.text.MY_CRC8)
    [Anonymous Symbol]                       0x08000f74   Section        0  t117_mts4_ow.o(.text.MY_OutputtoTemp)
    __arm_cp.0_0                             0x08000fa4   Number         4  t117_mts4_ow.o(.text.MY_OutputtoTemp)
    __arm_cp.0_1                             0x08000fa8   Number         4  t117_mts4_ow.o(.text.MY_OutputtoTemp)
    [Anonymous Symbol]                       0x08000fac   Section        0  gd32e23x_it.o(.text.NMI_Handler)
    [Anonymous Symbol]                       0x08000fd0   Section        0  ow2.o(.text.OW2_ConvertTemp)
    [Anonymous Symbol]                       0x08001000   Section        0  ow2.o(.text.OW2_Init)
    __arm_cp.0_0                             0x08001034   Number         4  ow2.o(.text.OW2_Init)
    OW2_OutputtoTemp                         0x08001039   Thumb Code    36  ow2.o(.text.OW2_OutputtoTemp)
    [Anonymous Symbol]                       0x08001038   Section        0  ow2.o(.text.OW2_OutputtoTemp)
    __arm_cp.15_0                            0x0800105c   Number         4  ow2.o(.text.OW2_OutputtoTemp)
    [Anonymous Symbol]                       0x08001060   Section        0  ow2.o(.text.OW2_ReadBit)
    [Anonymous Symbol]                       0x0800108e   Section        0  ow2.o(.text.OW2_ReadByte)
    [Anonymous Symbol]                       0x080010ce   Section        0  ow2.o(.text.OW2_ReadTemp)
    [Anonymous Symbol]                       0x08001136   Section        0  ow2.o(.text.OW2_ReadTempWaiting)
    [Anonymous Symbol]                       0x08001190   Section        0  ow2.o(.text.OW2_ResetPresence)
    [Anonymous Symbol]                       0x0800120a   Section        0  ow2.o(.text.OW2_WriteBit)
    [Anonymous Symbol]                       0x0800124a   Section        0  ow2.o(.text.OW2_WriteByte)
    [Anonymous Symbol]                       0x08001284   Section        0  ow_common.o(.text.OW_Common_Init)
    [Anonymous Symbol]                       0x080012b6   Section        0  ow_common.o(.text.OW_Common_ReadBit)
    [Anonymous Symbol]                       0x080012f8   Section        0  ow_common.o(.text.OW_Common_ReadByte)
    [Anonymous Symbol]                       0x0800133c   Section        0  ow_common.o(.text.OW_Common_ResetPresence)
    [Anonymous Symbol]                       0x08001382   Section        0  ow_common.o(.text.OW_Common_WriteBit)
    [Anonymous Symbol]                       0x080013da   Section        0  ow_common.o(.text.OW_Common_WriteByte)
    [Anonymous Symbol]                       0x08001418   Section        0  t117_mts4_ow.o(.text.OW_ConvertTemp)
    [Anonymous Symbol]                       0x08001450   Section        0  owmy.o(.text.OW_Init)
    __arm_cp.0_0                             0x08001460   Number         4  owmy.o(.text.OW_Init)
    [Anonymous Symbol]                       0x08001464   Section        0  owmy.o(.text.OW_ReadByte)
    [Anonymous Symbol]                       0x08001470   Section        0  t117_mts4_ow.o(.text.OW_ReadConfig)
    [Anonymous Symbol]                       0x080014c4   Section        0  t117_mts4_ow.o(.text.OW_ReadScratchpad)
    [Anonymous Symbol]                       0x0800152c   Section        0  t117_mts4_ow.o(.text.OW_ReadTemp)
    [Anonymous Symbol]                       0x08001594   Section        0  t117_mts4_ow.o(.text.OW_ReadTempWaiting)
    [Anonymous Symbol]                       0x080015f0   Section        0  owmy.o(.text.OW_ResetPresence)
    [Anonymous Symbol]                       0x080015fc   Section        0  owmy.o(.text.OW_WriteByte)
    __arm_cp.5_0                             0x08001614   Number         4  owmy.o(.text.OW_WriteByte)
    [Anonymous Symbol]                       0x08001618   Section        0  gd32e23x_it.o(.text.PendSV_Handler)
    PowerLEDs_Init                           0x0800161d   Thumb Code    72  main.o(.text.PowerLEDs_Init)
    [Anonymous Symbol]                       0x0800161c   Section        0  main.o(.text.PowerLEDs_Init)
    __arm_cp.2_0                             0x08001664   Number         4  main.o(.text.PowerLEDs_Init)
    [Anonymous Symbol]                       0x08001668   Section        0  config.o(.text.Read_Battery_Voltage)
    __arm_cp.5_0                             0x080016a8   Number         4  config.o(.text.Read_Battery_Voltage)
    [Anonymous Symbol]                       0x080016ac   Section        0  gd32e23x_it.o(.text.SVC_Handler)
    [Anonymous Symbol]                       0x080016b0   Section        0  config.o(.text.SetHeaterDuty)
    __arm_cp.3_0                             0x0800172c   Number         4  config.o(.text.SetHeaterDuty)
    SysTick_Config                           0x08001731   Thumb Code    64  systick.o(.text.SysTick_Config)
    [Anonymous Symbol]                       0x08001730   Section        0  systick.o(.text.SysTick_Config)
    __arm_cp.1_0                             0x08001770   Number         4  systick.o(.text.SysTick_Config)
    __arm_cp.1_1                             0x08001774   Number         4  systick.o(.text.SysTick_Config)
    __arm_cp.1_2                             0x08001778   Number         4  systick.o(.text.SysTick_Config)
    [Anonymous Symbol]                       0x0800177c   Section        0  gd32e23x_it.o(.text.SysTick_Handler)
    [Anonymous Symbol]                       0x08001784   Section        0  system_gd32e23x.o(.text.SystemInit)
    __arm_cp.0_0                             0x08001894   Number         4  system_gd32e23x.o(.text.SystemInit)
    __arm_cp.0_1                             0x08001898   Number         4  system_gd32e23x.o(.text.SystemInit)
    __arm_cp.0_2                             0x0800189c   Number         4  system_gd32e23x.o(.text.SystemInit)
    __arm_cp.0_3                             0x080018a0   Number         4  system_gd32e23x.o(.text.SystemInit)
    __arm_cp.0_4                             0x080018a4   Number         4  system_gd32e23x.o(.text.SystemInit)
    __arm_cp.0_5                             0x080018a8   Number         4  system_gd32e23x.o(.text.SystemInit)
    __arm_cp.0_6                             0x080018ac   Number         4  system_gd32e23x.o(.text.SystemInit)
    __arm_cp.0_7                             0x080018b0   Number         4  system_gd32e23x.o(.text.SystemInit)
    __arm_cp.0_8                             0x080018b4   Number         4  system_gd32e23x.o(.text.SystemInit)
    [Anonymous Symbol]                       0x080018b8   Section        0  gd32e23x_it.o(.text.TIMER2_IRQHandler)
    __arm_cp.5_0                             0x080018f0   Number         4  gd32e23x_it.o(.text.TIMER2_IRQHandler)
    __arm_cp.5_1                             0x080018f4   Number         4  gd32e23x_it.o(.text.TIMER2_IRQHandler)
    __arm_cp.5_2                             0x080018f8   Number         4  gd32e23x_it.o(.text.TIMER2_IRQHandler)
    [Anonymous Symbol]                       0x080018fc   Section        0  gd32e23x_it.o(.text.TIMER5_IRQHandler)
    __arm_cp.6_1                             0x08001bd0   Number         4  gd32e23x_it.o(.text.TIMER5_IRQHandler)
    __arm_cp.6_2                             0x08001bd4   Number         4  gd32e23x_it.o(.text.TIMER5_IRQHandler)
    __arm_cp.6_3                             0x08001bd8   Number         4  gd32e23x_it.o(.text.TIMER5_IRQHandler)
    __arm_cp.6_4                             0x08001bdc   Number         4  gd32e23x_it.o(.text.TIMER5_IRQHandler)
    __arm_cp.6_5                             0x08001be0   Number         4  gd32e23x_it.o(.text.TIMER5_IRQHandler)
    __arm_cp.6_6                             0x08001be4   Number         4  gd32e23x_it.o(.text.TIMER5_IRQHandler)
    __arm_cp.6_7                             0x08001be8   Number         4  gd32e23x_it.o(.text.TIMER5_IRQHandler)
    __arm_cp.6_8                             0x08001bec   Number         4  gd32e23x_it.o(.text.TIMER5_IRQHandler)
    __arm_cp.6_9                             0x08001bf0   Number         4  gd32e23x_it.o(.text.TIMER5_IRQHandler)
    __arm_cp.6_10                            0x08001bf4   Number         4  gd32e23x_it.o(.text.TIMER5_IRQHandler)
    __arm_cp.6_11                            0x08001bf8   Number         4  gd32e23x_it.o(.text.TIMER5_IRQHandler)
    __arm_cp.6_12                            0x08001bfc   Number         4  gd32e23x_it.o(.text.TIMER5_IRQHandler)
    __arm_cp.6_13                            0x08001c00   Number         4  gd32e23x_it.o(.text.TIMER5_IRQHandler)
    __arm_cp.6_14                            0x08001c04   Number         4  gd32e23x_it.o(.text.TIMER5_IRQHandler)
    __arm_cp.6_18                            0x08001c08   Number         4  gd32e23x_it.o(.text.TIMER5_IRQHandler)
    __arm_cp.6_20                            0x08001c0c   Number         4  gd32e23x_it.o(.text.TIMER5_IRQHandler)
    __arm_cp.6_22                            0x08001c10   Number         4  gd32e23x_it.o(.text.TIMER5_IRQHandler)
    __arm_cp.6_23                            0x08001c14   Number         4  gd32e23x_it.o(.text.TIMER5_IRQHandler)
    __arm_cp.6_24                            0x08001c18   Number         4  gd32e23x_it.o(.text.TIMER5_IRQHandler)
    __arm_cp.6_25                            0x08001c1c   Number         4  gd32e23x_it.o(.text.TIMER5_IRQHandler)
    Timer5_Init_ms                           0x08001c21   Thumb Code   104  main.o(.text.Timer5_Init_ms)
    [Anonymous Symbol]                       0x08001c20   Section        0  main.o(.text.Timer5_Init_ms)
    __arm_cp.3_0                             0x08001c88   Number         4  main.o(.text.Timer5_Init_ms)
    __arm_cp.3_1                             0x08001c8c   Number         4  main.o(.text.Timer5_Init_ms)
    UpdateHeater                             0x08001c91   Thumb Code   116  main.o(.text.UpdateHeater)
    [Anonymous Symbol]                       0x08001c90   Section        0  main.o(.text.UpdateHeater)
    __arm_cp.4_0                             0x08001d04   Number         4  main.o(.text.UpdateHeater)
    UpdateLysis1State                        0x08001d09   Thumb Code   224  main.o(.text.UpdateLysis1State)
    [Anonymous Symbol]                       0x08001d08   Section        0  main.o(.text.UpdateLysis1State)
    __arm_cp.7_1                             0x08001de8   Number         4  main.o(.text.UpdateLysis1State)
    __arm_cp.7_2                             0x08001dec   Number         4  main.o(.text.UpdateLysis1State)
    __arm_cp.7_3                             0x08001df0   Number         4  main.o(.text.UpdateLysis1State)
    __arm_cp.7_4                             0x08001df4   Number         4  main.o(.text.UpdateLysis1State)
    __arm_cp.7_5                             0x08001df8   Number         4  main.o(.text.UpdateLysis1State)
    UpdateLysis2State                        0x08001dfd   Thumb Code   228  main.o(.text.UpdateLysis2State)
    [Anonymous Symbol]                       0x08001dfc   Section        0  main.o(.text.UpdateLysis2State)
    __arm_cp.8_1                             0x08001ee0   Number         4  main.o(.text.UpdateLysis2State)
    __arm_cp.8_2                             0x08001ee4   Number         4  main.o(.text.UpdateLysis2State)
    __arm_cp.8_3                             0x08001ee8   Number         4  main.o(.text.UpdateLysis2State)
    __arm_cp.8_4                             0x08001eec   Number         4  main.o(.text.UpdateLysis2State)
    __arm_cp.8_5                             0x08001ef0   Number         4  main.o(.text.UpdateLysis2State)
    UpdateLysis3State                        0x08001ef5   Thumb Code   304  main.o(.text.UpdateLysis3State)
    [Anonymous Symbol]                       0x08001ef4   Section        0  main.o(.text.UpdateLysis3State)
    __arm_cp.9_0                             0x08002024   Number         4  main.o(.text.UpdateLysis3State)
    __arm_cp.9_1                             0x08002028   Number         4  main.o(.text.UpdateLysis3State)
    __arm_cp.9_2                             0x0800202c   Number         4  main.o(.text.UpdateLysis3State)
    __arm_cp.9_3                             0x08002030   Number         4  main.o(.text.UpdateLysis3State)
    __arm_cp.9_4                             0x08002034   Number         4  main.o(.text.UpdateLysis3State)
    __arm_cp.9_5                             0x08002038   Number         4  main.o(.text.UpdateLysis3State)
    __arm_cp.9_6                             0x0800203c   Number         4  main.o(.text.UpdateLysis3State)
    __arm_cp.9_7                             0x08002040   Number         4  main.o(.text.UpdateLysis3State)
    __arm_cp.9_8                             0x08002044   Number         4  main.o(.text.UpdateLysis3State)
    UpdatePowerLEDs                          0x08002049   Thumb Code   128  main.o(.text.UpdatePowerLEDs)
    [Anonymous Symbol]                       0x08002048   Section        0  main.o(.text.UpdatePowerLEDs)
    __arm_cp.10_0                            0x080020c8   Number         4  main.o(.text.UpdatePowerLEDs)
    __arm_cp.10_1                            0x080020cc   Number         4  main.o(.text.UpdatePowerLEDs)
    __arm_cp.10_2                            0x080020d0   Number         4  main.o(.text.UpdatePowerLEDs)
    __arm_cp.10_3                            0x080020d4   Number         4  main.o(.text.UpdatePowerLEDs)
    __arm_cp.10_4                            0x080020d8   Number         4  main.o(.text.UpdatePowerLEDs)
    __arm_cp.10_5                            0x080020dc   Number         4  main.o(.text.UpdatePowerLEDs)
    UpdateZone1State                         0x080020e1   Thumb Code   228  main.o(.text.UpdateZone1State)
    [Anonymous Symbol]                       0x080020e0   Section        0  main.o(.text.UpdateZone1State)
    __arm_cp.5_0                             0x080021c4   Number         4  main.o(.text.UpdateZone1State)
    __arm_cp.5_1                             0x080021c8   Number         4  main.o(.text.UpdateZone1State)
    __arm_cp.5_2                             0x080021cc   Number         4  main.o(.text.UpdateZone1State)
    __arm_cp.5_3                             0x080021d0   Number         4  main.o(.text.UpdateZone1State)
    __arm_cp.5_4                             0x080021d4   Number         4  main.o(.text.UpdateZone1State)
    __arm_cp.5_5                             0x080021d8   Number         4  main.o(.text.UpdateZone1State)
    UpdateZone2State                         0x080021dd   Thumb Code   228  main.o(.text.UpdateZone2State)
    [Anonymous Symbol]                       0x080021dc   Section        0  main.o(.text.UpdateZone2State)
    __arm_cp.6_0                             0x080022c0   Number         4  main.o(.text.UpdateZone2State)
    __arm_cp.6_1                             0x080022c4   Number         4  main.o(.text.UpdateZone2State)
    __arm_cp.6_2                             0x080022c8   Number         4  main.o(.text.UpdateZone2State)
    __arm_cp.6_3                             0x080022cc   Number         4  main.o(.text.UpdateZone2State)
    __arm_cp.6_4                             0x080022d0   Number         4  main.o(.text.UpdateZone2State)
    __arm_cp.6_5                             0x080022d4   Number         4  main.o(.text.UpdateZone2State)
    __arm_cp.6_6                             0x080022d8   Number         4  main.o(.text.UpdateZone2State)
    UpdateZoneLEDs                           0x080022dd   Thumb Code  2052  main.o(.text.UpdateZoneLEDs)
    [Anonymous Symbol]                       0x080022dc   Section        0  main.o(.text.UpdateZoneLEDs)
    __arm_cp.11_27                           0x08002704   Number         4  main.o(.text.UpdateZoneLEDs)
    __arm_cp.11_28                           0x08002708   Number         4  main.o(.text.UpdateZoneLEDs)
    __arm_cp.11_29                           0x0800270c   Number         4  main.o(.text.UpdateZoneLEDs)
    __arm_cp.11_30                           0x08002710   Number         4  main.o(.text.UpdateZoneLEDs)
    __arm_cp.11_31                           0x08002714   Number         4  main.o(.text.UpdateZoneLEDs)
    __arm_cp.11_32                           0x08002718   Number         4  main.o(.text.UpdateZoneLEDs)
    __arm_cp.11_33                           0x0800271c   Number         4  main.o(.text.UpdateZoneLEDs)
    __arm_cp.11_34                           0x08002720   Number         4  main.o(.text.UpdateZoneLEDs)
    __arm_cp.11_35                           0x08002724   Number         4  main.o(.text.UpdateZoneLEDs)
    __arm_cp.11_36                           0x08002728   Number         4  main.o(.text.UpdateZoneLEDs)
    __arm_cp.11_37                           0x0800272c   Number         4  main.o(.text.UpdateZoneLEDs)
    __arm_cp.11_38                           0x08002730   Number         4  main.o(.text.UpdateZoneLEDs)
    __arm_cp.11_39                           0x08002734   Number         4  main.o(.text.UpdateZoneLEDs)
    __arm_cp.11_40                           0x08002738   Number         4  main.o(.text.UpdateZoneLEDs)
    __arm_cp.11_43                           0x08002744   Number         4  main.o(.text.UpdateZoneLEDs)
    __arm_cp.11_44                           0x08002748   Number         4  main.o(.text.UpdateZoneLEDs)
    __arm_cp.11_45                           0x0800274c   Number         4  main.o(.text.UpdateZoneLEDs)
    __arm_cp.11_0                            0x08002ae0   Number         4  main.o(.text.UpdateZoneLEDs)
    __arm_cp.11_15                           0x08002ae4   Number         4  main.o(.text.UpdateZoneLEDs)
    __arm_cp.11_16                           0x08002ae8   Number         4  main.o(.text.UpdateZoneLEDs)
    __arm_cp.11_17                           0x08002aec   Number         4  main.o(.text.UpdateZoneLEDs)
    __arm_cp.11_18                           0x08002af0   Number         4  main.o(.text.UpdateZoneLEDs)
    __arm_cp.11_19                           0x08002af4   Number         4  main.o(.text.UpdateZoneLEDs)
    __arm_cp.11_20                           0x08002af8   Number         4  main.o(.text.UpdateZoneLEDs)
    __arm_cp.11_21                           0x08002afc   Number         4  main.o(.text.UpdateZoneLEDs)
    __arm_cp.11_22                           0x08002b00   Number         4  main.o(.text.UpdateZoneLEDs)
    __NVIC_EnableIRQ                         0x08002b05   Thumb Code    48  gd32e23x_misc.o(.text.__NVIC_EnableIRQ)
    [Anonymous Symbol]                       0x08002b04   Section        0  gd32e23x_misc.o(.text.__NVIC_EnableIRQ)
    __arm_cp.2_0                             0x08002b34   Number         4  gd32e23x_misc.o(.text.__NVIC_EnableIRQ)
    __NVIC_SetPriority                       0x08002b39   Thumb Code   124  systick.o(.text.__NVIC_SetPriority)
    [Anonymous Symbol]                       0x08002b38   Section        0  systick.o(.text.__NVIC_SetPriority)
    __NVIC_SetPriority                       0x08002bb5   Thumb Code   124  gd32e23x_misc.o(.text.__NVIC_SetPriority)
    [Anonymous Symbol]                       0x08002bb4   Section        0  gd32e23x_misc.o(.text.__NVIC_SetPriority)
    __arm_cp.1_0                             0x08002c30   Number         4  gd32e23x_misc.o(.text.__NVIC_SetPriority)
    __arm_cp.1_1                             0x08002c34   Number         4  gd32e23x_misc.o(.text.__NVIC_SetPriority)
    _soft_delay_                             0x08002c39   Thumb Code    38  system_gd32e23x.o(.text._soft_delay_)
    [Anonymous Symbol]                       0x08002c38   Section        0  system_gd32e23x.o(.text._soft_delay_)
    [Anonymous Symbol]                       0x08002c60   Section        0  gd32e23x_adc.o(.text.adc_calibration_enable)
    [Anonymous Symbol]                       0x08002c98   Section        0  gd32e23x_adc.o(.text.adc_channel_length_config)
    __arm_cp.11_0                            0x08002cf8   Number         4  gd32e23x_adc.o(.text.adc_channel_length_config)
    __arm_cp.11_1                            0x08002cfc   Number         4  gd32e23x_adc.o(.text.adc_channel_length_config)
    [Anonymous Symbol]                       0x08002d00   Section        0  gd32e23x_adc.o(.text.adc_data_alignment_config)
    [Anonymous Symbol]                       0x08002d2c   Section        0  gd32e23x_adc.o(.text.adc_enable)
    [Anonymous Symbol]                       0x08002d44   Section        0  gd32e23x_adc.o(.text.adc_external_trigger_config)
    [Anonymous Symbol]                       0x08002dc0   Section        0  gd32e23x_adc.o(.text.adc_external_trigger_source_config)
    [Anonymous Symbol]                       0x08002e10   Section        0  gd32e23x_adc.o(.text.adc_flag_get)
    __arm_cp.20_0                            0x08002e38   Number         4  gd32e23x_adc.o(.text.adc_flag_get)
    [Anonymous Symbol]                       0x08002e3c   Section        0  gd32e23x_adc.o(.text.adc_regular_channel_config)
    __arm_cp.12_0                            0x08002f84   Number         4  gd32e23x_adc.o(.text.adc_regular_channel_config)
    __arm_cp.12_1                            0x08002f88   Number         4  gd32e23x_adc.o(.text.adc_regular_channel_config)
    __arm_cp.12_2                            0x08002f8c   Number         4  gd32e23x_adc.o(.text.adc_regular_channel_config)
    __arm_cp.12_3                            0x08002f90   Number         4  gd32e23x_adc.o(.text.adc_regular_channel_config)
    __arm_cp.12_4                            0x08002f94   Number         4  gd32e23x_adc.o(.text.adc_regular_channel_config)
    [Anonymous Symbol]                       0x08002f98   Section        0  gd32e23x_adc.o(.text.adc_regular_data_read)
    __arm_cp.18_0                            0x08002fa0   Number         4  gd32e23x_adc.o(.text.adc_regular_data_read)
    [Anonymous Symbol]                       0x08002fa4   Section        0  gd32e23x_adc.o(.text.adc_software_trigger_enable)
    __arm_cp.17_0                            0x08002fe0   Number         4  gd32e23x_adc.o(.text.adc_software_trigger_enable)
    [Anonymous Symbol]                       0x08002fe4   Section        0  systick.o(.text.delay_1ms)
    [Anonymous Symbol]                       0x08003000   Section        0  systick.o(.text.delay_decrement)
    __arm_cp.4_0                             0x08003014   Number         4  systick.o(.text.delay_decrement)
    [Anonymous Symbol]                       0x08003018   Section        0  main.o(.text.fputc)
    __arm_cp.0_0                             0x08003040   Number         4  main.o(.text.fputc)
    __arm_cp.0_1                             0x08003044   Number         4  main.o(.text.fputc)
    [Anonymous Symbol]                       0x08003048   Section        0  gd32e23x_gpio.o(.text.gpio_af_set)
    [Anonymous Symbol]                       0x08003108   Section        0  gd32e23x_gpio.o(.text.gpio_bit_reset)
    [Anonymous Symbol]                       0x08003118   Section        0  gd32e23x_gpio.o(.text.gpio_bit_set)
    [Anonymous Symbol]                       0x08003128   Section        0  gd32e23x_gpio.o(.text.gpio_input_bit_get)
    [Anonymous Symbol]                       0x08003152   Section        0  gd32e23x_gpio.o(.text.gpio_mode_set)
    [Anonymous Symbol]                       0x080031e0   Section        0  gd32e23x_gpio.o(.text.gpio_output_options_set)
    [Anonymous Symbol]                       0x0800326c   Section        0  main.o(.text.main)
    __arm_cp.1_0                             0x08003490   Number         4  main.o(.text.main)
    __arm_cp.1_1                             0x08003494   Number         4  main.o(.text.main)
    __arm_cp.1_2                             0x08003498   Number         4  main.o(.text.main)
    __arm_cp.1_3                             0x0800349c   Number         4  main.o(.text.main)
    __arm_cp.1_4                             0x080034a0   Number         4  main.o(.text.main)
    __arm_cp.1_5                             0x080034a4   Number         4  main.o(.text.main)
    __arm_cp.1_6                             0x080034a8   Number         4  main.o(.text.main)
    __arm_cp.1_7                             0x080034ac   Number         4  main.o(.text.main)
    __arm_cp.1_8                             0x080034b0   Number         4  main.o(.text.main)
    __arm_cp.1_9                             0x080034b4   Number         4  main.o(.text.main)
    __arm_cp.1_10                            0x080034b8   Number         4  main.o(.text.main)
    __arm_cp.1_11                            0x080034bc   Number         4  main.o(.text.main)
    __arm_cp.1_12                            0x080034c0   Number         4  main.o(.text.main)
    __arm_cp.1_13                            0x080034c4   Number         4  main.o(.text.main)
    __arm_cp.1_14                            0x080034c8   Number         4  main.o(.text.main)
    [Anonymous Symbol]                       0x080034cc   Section        0  gd32e23x_misc.o(.text.nvic_irq_enable)
    [Anonymous Symbol]                       0x080034f8   Section        0  gd32e23x_misc.o(.text.nvic_vector_table_set)
    __arm_cp.7_0                             0x08003514   Number         4  gd32e23x_misc.o(.text.nvic_vector_table_set)
    __arm_cp.7_1                             0x08003518   Number         4  gd32e23x_misc.o(.text.nvic_vector_table_set)
    ow2_DQ_get                               0x0800351d   Thumb Code    16  ow2.o(.text.ow2_DQ_get)
    [Anonymous Symbol]                       0x0800351c   Section        0  ow2.o(.text.ow2_DQ_get)
    ow2_DQ_reset                             0x0800352d   Thumb Code    16  ow2.o(.text.ow2_DQ_reset)
    [Anonymous Symbol]                       0x0800352c   Section        0  ow2.o(.text.ow2_DQ_reset)
    ow2_DQ_set                               0x0800353d   Thumb Code    16  ow2.o(.text.ow2_DQ_set)
    [Anonymous Symbol]                       0x0800353c   Section        0  ow2.o(.text.ow2_DQ_set)
    [Anonymous Symbol]                       0x0800354c   Section        0  pid.o(.text.pid_compute)
    [Anonymous Symbol]                       0x08003650   Section        0  pid.o(.text.pid_init)
    [Anonymous Symbol]                       0x08003694   Section        0  gd32e23x_rcu.o(.text.rcu_adc_clock_config)
    __arm_cp.14_0                            0x08003814   Number         4  gd32e23x_rcu.o(.text.rcu_adc_clock_config)
    __arm_cp.14_1                            0x08003818   Number         4  gd32e23x_rcu.o(.text.rcu_adc_clock_config)
    __arm_cp.14_2                            0x0800381c   Number         4  gd32e23x_rcu.o(.text.rcu_adc_clock_config)
    [Anonymous Symbol]                       0x08003820   Section        0  gd32e23x_rcu.o(.text.rcu_clock_freq_get)
    __arm_cp.33_0                            0x08003af4   Number         4  gd32e23x_rcu.o(.text.rcu_clock_freq_get)
    __arm_cp.33_1                            0x08003af8   Number         4  gd32e23x_rcu.o(.text.rcu_clock_freq_get)
    __arm_cp.33_2                            0x08003afc   Number         4  gd32e23x_rcu.o(.text.rcu_clock_freq_get)
    __arm_cp.33_3                            0x08003b00   Number         4  gd32e23x_rcu.o(.text.rcu_clock_freq_get)
    __arm_cp.33_4                            0x08003b04   Number         4  gd32e23x_rcu.o(.text.rcu_clock_freq_get)
    __arm_cp.33_5                            0x08003b08   Number         4  gd32e23x_rcu.o(.text.rcu_clock_freq_get)
    __arm_cp.33_6                            0x08003b0c   Number         4  gd32e23x_rcu.o(.text.rcu_clock_freq_get)
    __arm_cp.33_7                            0x08003b10   Number         4  gd32e23x_rcu.o(.text.rcu_clock_freq_get)
    __arm_cp.33_8                            0x08003b14   Number         4  gd32e23x_rcu.o(.text.rcu_clock_freq_get)
    [Anonymous Symbol]                       0x08003b18   Section        0  gd32e23x_rcu.o(.text.rcu_periph_clock_enable)
    [Anonymous Symbol]                       0x08003b3c   Section        0  gd32e23x_rcu.o(.text.rcu_periph_reset_disable)
    [Anonymous Symbol]                       0x08003b60   Section        0  gd32e23x_rcu.o(.text.rcu_periph_reset_enable)
    [Anonymous Symbol]                       0x08003b84   Section        0  gd32e23x_syscfg.o(.text.syscfg_flag_get)
    __arm_cp.8_0                             0x08003bac   Number         4  gd32e23x_syscfg.o(.text.syscfg_flag_get)
    system_clock_72m_hxtal                   0x08003bb1   Thumb Code   320  system_gd32e23x.o(.text.system_clock_72m_hxtal)
    [Anonymous Symbol]                       0x08003bb0   Section        0  system_gd32e23x.o(.text.system_clock_72m_hxtal)
    __arm_cp.5_0                             0x08003cf0   Number         4  system_gd32e23x.o(.text.system_clock_72m_hxtal)
    __arm_cp.5_1                             0x08003cf4   Number         4  system_gd32e23x.o(.text.system_clock_72m_hxtal)
    __arm_cp.5_2                             0x08003cf8   Number         4  system_gd32e23x.o(.text.system_clock_72m_hxtal)
    __arm_cp.5_3                             0x08003cfc   Number         4  system_gd32e23x.o(.text.system_clock_72m_hxtal)
    __arm_cp.5_4                             0x08003d00   Number         4  system_gd32e23x.o(.text.system_clock_72m_hxtal)
    system_clock_config                      0x08003d05   Thumb Code     8  system_gd32e23x.o(.text.system_clock_config)
    [Anonymous Symbol]                       0x08003d04   Section        0  system_gd32e23x.o(.text.system_clock_config)
    [Anonymous Symbol]                       0x08003d0c   Section        0  systick.o(.text.systick_config)
    __arm_cp.0_0                             0x08003d30   Number         4  systick.o(.text.systick_config)
    [Anonymous Symbol]                       0x08003d34   Section        0  gd32e23x_timer.o(.text.timer_channel_output_config)
    __arm_cp.42_0                            0x08004018   Number         4  gd32e23x_timer.o(.text.timer_channel_output_config)
    __arm_cp.42_1                            0x0800401c   Number         4  gd32e23x_timer.o(.text.timer_channel_output_config)
    __arm_cp.42_2                            0x08004020   Number         4  gd32e23x_timer.o(.text.timer_channel_output_config)
    __arm_cp.42_3                            0x08004024   Number         4  gd32e23x_timer.o(.text.timer_channel_output_config)
    [Anonymous Symbol]                       0x08004028   Section        0  gd32e23x_timer.o(.text.timer_channel_output_mode_config)
    [Anonymous Symbol]                       0x080040c8   Section        0  gd32e23x_timer.o(.text.timer_channel_output_pulse_value_config)
    [Anonymous Symbol]                       0x0800411c   Section        0  gd32e23x_timer.o(.text.timer_channel_output_shadow_config)
    [Anonymous Symbol]                       0x080041ba   Section        0  gd32e23x_timer.o(.text.timer_channel_output_struct_para_init)
    [Anonymous Symbol]                       0x080041dc   Section        0  gd32e23x_timer.o(.text.timer_deinit)
    __arm_cp.0_1                             0x080042a4   Number         4  gd32e23x_timer.o(.text.timer_deinit)
    __arm_cp.0_3                             0x080042a8   Number         4  gd32e23x_timer.o(.text.timer_deinit)
    __arm_cp.0_4                             0x080042ac   Number         4  gd32e23x_timer.o(.text.timer_deinit)
    __arm_cp.0_7                             0x080042b0   Number         4  gd32e23x_timer.o(.text.timer_deinit)
    __arm_cp.0_8                             0x080042b4   Number         4  gd32e23x_timer.o(.text.timer_deinit)
    __arm_cp.0_9                             0x080042b8   Number         4  gd32e23x_timer.o(.text.timer_deinit)
    __arm_cp.0_10                            0x080042bc   Number         4  gd32e23x_timer.o(.text.timer_deinit)
    __arm_cp.0_11                            0x080042c0   Number         4  gd32e23x_timer.o(.text.timer_deinit)
    [Anonymous Symbol]                       0x080042c4   Section        0  gd32e23x_timer.o(.text.timer_enable)
    [Anonymous Symbol]                       0x080042d6   Section        0  gd32e23x_timer.o(.text.timer_flag_clear)
    [Anonymous Symbol]                       0x080042e8   Section        0  gd32e23x_timer.o(.text.timer_flag_get)
    [Anonymous Symbol]                       0x08004314   Section        0  gd32e23x_timer.o(.text.timer_init)
    __arm_cp.2_0                             0x080043f8   Number         4  gd32e23x_timer.o(.text.timer_init)
    __arm_cp.2_1                             0x080043fc   Number         4  gd32e23x_timer.o(.text.timer_init)
    __arm_cp.2_2                             0x08004400   Number         4  gd32e23x_timer.o(.text.timer_init)
    __arm_cp.2_3                             0x08004404   Number         4  gd32e23x_timer.o(.text.timer_init)
    __arm_cp.2_4                             0x08004408   Number         4  gd32e23x_timer.o(.text.timer_init)
    __arm_cp.2_5                             0x0800440c   Number         4  gd32e23x_timer.o(.text.timer_init)
    [Anonymous Symbol]                       0x08004410   Section        0  gd32e23x_timer.o(.text.timer_interrupt_enable)
    [Anonymous Symbol]                       0x08004424   Section        0  gd32e23x_timer.o(.text.timer_struct_para_init)
    __arm_cp.1_0                             0x08004448   Number         4  gd32e23x_timer.o(.text.timer_struct_para_init)
    usart1_init_local                        0x0800444d   Thumb Code   128  config.o(.text.usart1_init_local)
    [Anonymous Symbol]                       0x0800444c   Section        0  config.o(.text.usart1_init_local)
    __arm_cp.1_0                             0x080044cc   Number         4  config.o(.text.usart1_init_local)
    __arm_cp.1_1                             0x080044d0   Number         4  config.o(.text.usart1_init_local)
    [Anonymous Symbol]                       0x080044d4   Section        0  gd32e23x_usart.o(.text.usart_baudrate_set)
    __arm_cp.1_2                             0x08004580   Number         4  gd32e23x_usart.o(.text.usart_baudrate_set)
    [Anonymous Symbol]                       0x08004584   Section        0  gd32e23x_usart.o(.text.usart_data_transmit)
    __arm_cp.18_0                            0x08004598   Number         4  gd32e23x_usart.o(.text.usart_data_transmit)
    [Anonymous Symbol]                       0x0800459c   Section        0  gd32e23x_usart.o(.text.usart_deinit)
    __arm_cp.0_0                             0x080045e0   Number         4  gd32e23x_usart.o(.text.usart_deinit)
    __arm_cp.0_1                             0x080045e4   Number         4  gd32e23x_usart.o(.text.usart_deinit)
    __arm_cp.0_2                             0x080045e8   Number         4  gd32e23x_usart.o(.text.usart_deinit)
    __arm_cp.0_3                             0x080045ec   Number         4  gd32e23x_usart.o(.text.usart_deinit)
    [Anonymous Symbol]                       0x080045f0   Section        0  gd32e23x_usart.o(.text.usart_enable)
    [Anonymous Symbol]                       0x08004602   Section        0  gd32e23x_usart.o(.text.usart_flag_get)
    [Anonymous Symbol]                       0x0800463e   Section        0  gd32e23x_usart.o(.text.usart_parity_config)
    [Anonymous Symbol]                       0x08004668   Section        0  gd32e23x_usart.o(.text.usart_receive_config)
    [Anonymous Symbol]                       0x08004686   Section        0  gd32e23x_usart.o(.text.usart_stop_bit_set)
    [Anonymous Symbol]                       0x080046b0   Section        0  gd32e23x_usart.o(.text.usart_transmit_config)
    [Anonymous Symbol]                       0x080046ce   Section        0  gd32e23x_usart.o(.text.usart_word_length_set)
    i.__0printf                              0x080046f8   Section        0  printfa.o(i.__0printf)
    i.__ARM_clz                              0x08004718   Section        0  depilogue.o(i.__ARM_clz)
    i.__scatterload_copy                     0x08004746   Section       14  handlers.o(i.__scatterload_copy)
    i.__scatterload_null                     0x08004754   Section        2  handlers.o(i.__scatterload_null)
    i.__scatterload_zeroinit                 0x08004756   Section       14  handlers.o(i.__scatterload_zeroinit)
    _fp_digits                               0x08004765   Thumb Code   344  printfa.o(i._fp_digits)
    i._fp_digits                             0x08004764   Section        0  printfa.o(i._fp_digits)
    _printf_core                             0x080048d9   Thumb Code  1754  printfa.o(i._printf_core)
    i._printf_core                           0x080048d8   Section        0  printfa.o(i._printf_core)
    _printf_post_padding                     0x08004fc5   Thumb Code    32  printfa.o(i._printf_post_padding)
    i._printf_post_padding                   0x08004fc4   Section        0  printfa.o(i._printf_post_padding)
    _printf_pre_padding                      0x08004fe5   Thumb Code    44  printfa.o(i._printf_pre_padding)
    i._printf_pre_padding                    0x08004fe4   Section        0  printfa.o(i._printf_pre_padding)
    ow1                                      0x08005010   Data           8  owmy.o(.rodata.ow1)
    [Anonymous Symbol]                       0x08005010   Section        0  owmy.o(.rodata.ow1)
    [Anonymous Symbol]                       0x08005018   Section        0  main.o(.rodata.str1.1)
    .data                                    0x20000000   Section        4  stdout.o(.data)
    TIMER2_IRQHandler.ms_count_100ms         0x20000090   Data           2  gd32e23x_it.o(.bss.TIMER2_IRQHandler.ms_count_100ms)
    [Anonymous Symbol]                       0x20000090   Section        0  gd32e23x_it.o(.bss.TIMER2_IRQHandler.ms_count_100ms)
    delay                                    0x20000094   Data           4  systick.o(.bss.delay)
    [Anonymous Symbol]                       0x20000094   Section        0  systick.o(.bss.delay)
    STACK                                    0x200000e0   Section     1024  startup_gd32e23x.o(STACK)

    Global Symbols

    Symbol Name                              Value     Ov Type        Size  Object(Section)

    BuildAttributes$$THM_ISAv3M$S$8M$PE$A:L22$X:L11$S22$IEEE1$IW$~IW$USESV6$~STKCKD$USESV7$~SHL$OTIME$ROPI$EBA8$MICROLIB$REQ8$PRES8$EABIv2 0x00000000   Number         0  anon$$obj.o ABSOLUTE
    __cpp_initialize__aeabi_                  - Undefined Weak Reference
    __cxa_finalize                            - Undefined Weak Reference
    __decompress                              - Undefined Weak Reference
    _clock_init                               - Undefined Weak Reference
    _microlib_exit                            - Undefined Weak Reference
    __Vectors_Size                           0x000000cc   Number         0  startup_gd32e23x.o ABSOLUTE
    __Vectors                                0x08000000   Data           4  startup_gd32e23x.o(RESET)
    __Vectors_End                            0x080000cc   Data           0  startup_gd32e23x.o(RESET)
    __main                                   0x080000cd   Thumb Code     0  entry.o(.ARM.Collect$$$$00000000)
    _main_stk                                0x080000cd   Thumb Code     0  entry2.o(.ARM.Collect$$$$00000001)
    _main_scatterload                        0x080000d1   Thumb Code     0  entry5.o(.ARM.Collect$$$$00000004)
    __main_after_scatterload                 0x080000d5   Thumb Code     0  entry5.o(.ARM.Collect$$$$00000004)
    _main_clock                              0x080000d5   Thumb Code     0  entry7b.o(.ARM.Collect$$$$00000008)
    _main_cpp_init                           0x080000d5   Thumb Code     0  entry8b.o(.ARM.Collect$$$$0000000A)
    _main_init                               0x080000d5   Thumb Code     0  entry9a.o(.ARM.Collect$$$$0000000B)
    __rt_final_cpp                           0x080000dd   Thumb Code     0  entry10a.o(.ARM.Collect$$$$0000000D)
    __rt_final_exit                          0x080000dd   Thumb Code     0  entry11a.o(.ARM.Collect$$$$0000000F)
    Reset_Handler                            0x080000e1   Thumb Code    34  startup_gd32e23x.o(.text)
    ADC_CMP_IRQHandler                       0x0800010d   Thumb Code     0  startup_gd32e23x.o(.text)
    DMA_Channel0_IRQHandler                  0x0800010d   Thumb Code     0  startup_gd32e23x.o(.text)
    DMA_Channel1_2_IRQHandler                0x0800010d   Thumb Code     0  startup_gd32e23x.o(.text)
    DMA_Channel3_4_IRQHandler                0x0800010d   Thumb Code     0  startup_gd32e23x.o(.text)
    EXTI0_1_IRQHandler                       0x0800010d   Thumb Code     0  startup_gd32e23x.o(.text)
    EXTI2_3_IRQHandler                       0x0800010d   Thumb Code     0  startup_gd32e23x.o(.text)
    EXTI4_15_IRQHandler                      0x0800010d   Thumb Code     0  startup_gd32e23x.o(.text)
    FMC_IRQHandler                           0x0800010d   Thumb Code     0  startup_gd32e23x.o(.text)
    I2C0_ER_IRQHandler                       0x0800010d   Thumb Code     0  startup_gd32e23x.o(.text)
    I2C0_EV_IRQHandler                       0x0800010d   Thumb Code     0  startup_gd32e23x.o(.text)
    I2C1_ER_IRQHandler                       0x0800010d   Thumb Code     0  startup_gd32e23x.o(.text)
    I2C1_EV_IRQHandler                       0x0800010d   Thumb Code     0  startup_gd32e23x.o(.text)
    LVD_IRQHandler                           0x0800010d   Thumb Code     0  startup_gd32e23x.o(.text)
    RCU_IRQHandler                           0x0800010d   Thumb Code     0  startup_gd32e23x.o(.text)
    RTC_IRQHandler                           0x0800010d   Thumb Code     0  startup_gd32e23x.o(.text)
    SPI0_IRQHandler                          0x0800010d   Thumb Code     0  startup_gd32e23x.o(.text)
    SPI1_IRQHandler                          0x0800010d   Thumb Code     0  startup_gd32e23x.o(.text)
    TIMER0_BRK_UP_TRG_COM_IRQHandler         0x0800010d   Thumb Code     0  startup_gd32e23x.o(.text)
    TIMER0_Channel_IRQHandler                0x0800010d   Thumb Code     0  startup_gd32e23x.o(.text)
    TIMER13_IRQHandler                       0x0800010d   Thumb Code     0  startup_gd32e23x.o(.text)
    TIMER14_IRQHandler                       0x0800010d   Thumb Code     0  startup_gd32e23x.o(.text)
    TIMER15_IRQHandler                       0x0800010d   Thumb Code     0  startup_gd32e23x.o(.text)
    TIMER16_IRQHandler                       0x0800010d   Thumb Code     0  startup_gd32e23x.o(.text)
    USART0_IRQHandler                        0x0800010d   Thumb Code     0  startup_gd32e23x.o(.text)
    USART1_IRQHandler                        0x0800010d   Thumb Code     0  startup_gd32e23x.o(.text)
    WWDGT_IRQHandler                         0x0800010d   Thumb Code     0  startup_gd32e23x.o(.text)
    __aeabi_uldivmod                         0x08000125   Thumb Code    96  uldiv.o(.text)
    __aeabi_lmul                             0x08000185   Thumb Code    48  llmul.o(.text)
    _ll_mul                                  0x08000185   Thumb Code     0  llmul.o(.text)
    __aeabi_memset                           0x080001b5   Thumb Code    14  memseta.o(.text)
    __aeabi_memset4                          0x080001b5   Thumb Code     0  memseta.o(.text)
    __aeabi_memset8                          0x080001b5   Thumb Code     0  memseta.o(.text)
    __aeabi_memclr                           0x080001c3   Thumb Code     4  memseta.o(.text)
    __aeabi_memclr4                          0x080001c3   Thumb Code     0  memseta.o(.text)
    __aeabi_memclr8                          0x080001c3   Thumb Code     0  memseta.o(.text)
    _memset$wrapper                          0x080001c7   Thumb Code    18  memseta.o(.text)
    __aeabi_fadd                             0x080001d9   Thumb Code   162  fadd.o(.text)
    __aeabi_fsub                             0x0800027b   Thumb Code     8  fadd.o(.text)
    __aeabi_frsub                            0x08000283   Thumb Code     8  fadd.o(.text)
    __aeabi_fmul                             0x0800028b   Thumb Code   122  fmul.o(.text)
    __aeabi_fdiv                             0x08000305   Thumb Code   124  fdiv.o(.text)
    __aeabi_dadd                             0x08000381   Thumb Code   328  dadd.o(.text)
    __aeabi_dsub                             0x080004c9   Thumb Code    12  dadd.o(.text)
    __aeabi_drsub                            0x080004d5   Thumb Code    12  dadd.o(.text)
    __aeabi_dmul                             0x080004e5   Thumb Code   202  dmul.o(.text)
    __aeabi_fcmple                           0x080005b5   Thumb Code    28  fcmple.o(.text)
    __aeabi_fcmplt                           0x080005d1   Thumb Code    28  fcmplt.o(.text)
    __aeabi_fcmpge                           0x080005ed   Thumb Code    28  fcmpge.o(.text)
    __aeabi_i2f                              0x08000609   Thumb Code    22  fflti.o(.text)
    __aeabi_ui2f                             0x0800061f   Thumb Code    14  ffltui.o(.text)
    __aeabi_f2iz                             0x0800062d   Thumb Code    50  ffixi.o(.text)
    __aeabi_f2d                              0x0800065f   Thumb Code    40  f2d.o(.text)
    __aeabi_d2f                              0x08000687   Thumb Code    56  d2f.o(.text)
    __aeabi_llsl                             0x080006bf   Thumb Code    32  llshl.o(.text)
    _ll_shift_l                              0x080006bf   Thumb Code     0  llshl.o(.text)
    __aeabi_llsr                             0x080006df   Thumb Code    34  llushr.o(.text)
    _ll_ushift_r                             0x080006df   Thumb Code     0  llushr.o(.text)
    __aeabi_lasr                             0x08000701   Thumb Code    38  llsshr.o(.text)
    _ll_sshift_r                             0x08000701   Thumb Code     0  llsshr.o(.text)
    __I$use$fp                               0x08000727   Thumb Code     0  iusefp.o(.text)
    _float_round                             0x08000727   Thumb Code    16  fepilogue.o(.text)
    _float_epilogue                          0x08000737   Thumb Code   114  fepilogue.o(.text)
    _double_round                            0x080007a9   Thumb Code    26  depilogue.o(.text)
    _double_epilogue                         0x080007c3   Thumb Code   164  depilogue.o(.text)
    __aeabi_ddiv                             0x08000869   Thumb Code   234  ddiv.o(.text)
    __aeabi_d2ulz                            0x08000959   Thumb Code    54  dfixul.o(.text)
    __aeabi_cdrcmple                         0x08000999   Thumb Code    38  cdrcmple.o(.text)
    __scatterload                            0x080009c1   Thumb Code    38  init.o(.text)
    __scatterload_rt2                        0x080009c1   Thumb Code     0  init.o(.text)
    __aeabi_uidiv$div0                       0x080009f1   Thumb Code     0  uidiv_div0.o(.text)
    __aeabi_uidivmod                         0x080009f1   Thumb Code    62  uidiv_div0.o(.text)
    ADC_Config                               0x08000a31   Thumb Code   100  config.o(.text.ADC_Config)
    Config_Timer2_Init                       0x08000a9d   Thumb Code   380  config.o(.text.Config_Timer2_Init)
    Delay_ms                                 0x08000c35   Thumb Code    30  delay.o(.text.Delay_ms)
    Delay_us                                 0x08000c55   Thumb Code   208  delay.o(.text.Delay_us)
    GetTemp                                  0x08000d3d   Thumb Code    92  t117_mts4_ow.o(.text.GetTemp)
    GetTemp2                                 0x08000d9d   Thumb Code    68  ow2.o(.text.GetTemp2)
    HardFault_Handler                        0x08000de1   Thumb Code     4  gd32e23x_it.o(.text.HardFault_Handler)
    IO_Config                                0x08000de5   Thumb Code   248  config.o(.text.IO_Config)
    MY_CRC8                                  0x08000eed   Thumb Code   136  t117_mts4_ow.o(.text.MY_CRC8)
    MY_OutputtoTemp                          0x08000f75   Thumb Code    48  t117_mts4_ow.o(.text.MY_OutputtoTemp)
    NMI_Handler                              0x08000fad   Thumb Code    36  gd32e23x_it.o(.text.NMI_Handler)
    OW2_ConvertTemp                          0x08000fd1   Thumb Code    46  ow2.o(.text.OW2_ConvertTemp)
    OW2_Init                                 0x08001001   Thumb Code    52  ow2.o(.text.OW2_Init)
    OW2_ReadBit                              0x08001061   Thumb Code    46  ow2.o(.text.OW2_ReadBit)
    OW2_ReadByte                             0x0800108f   Thumb Code    64  ow2.o(.text.OW2_ReadByte)
    OW2_ReadTemp                             0x080010cf   Thumb Code   104  ow2.o(.text.OW2_ReadTemp)
    OW2_ReadTempWaiting                      0x08001137   Thumb Code    90  ow2.o(.text.OW2_ReadTempWaiting)
    OW2_ResetPresence                        0x08001191   Thumb Code   122  ow2.o(.text.OW2_ResetPresence)
    OW2_WriteBit                             0x0800120b   Thumb Code    64  ow2.o(.text.OW2_WriteBit)
    OW2_WriteByte                            0x0800124b   Thumb Code    58  ow2.o(.text.OW2_WriteByte)
    OW_Common_Init                           0x08001285   Thumb Code    50  ow_common.o(.text.OW_Common_Init)
    OW_Common_ReadBit                        0x080012b7   Thumb Code    66  ow_common.o(.text.OW_Common_ReadBit)
    OW_Common_ReadByte                       0x080012f9   Thumb Code    68  ow_common.o(.text.OW_Common_ReadByte)
    OW_Common_ResetPresence                  0x0800133d   Thumb Code    70  ow_common.o(.text.OW_Common_ResetPresence)
    OW_Common_WriteBit                       0x08001383   Thumb Code    88  ow_common.o(.text.OW_Common_WriteBit)
    OW_Common_WriteByte                      0x080013db   Thumb Code    62  ow_common.o(.text.OW_Common_WriteByte)
    OW_ConvertTemp                           0x08001419   Thumb Code    56  t117_mts4_ow.o(.text.OW_ConvertTemp)
    OW_Init                                  0x08001451   Thumb Code    16  owmy.o(.text.OW_Init)
    OW_ReadByte                              0x08001465   Thumb Code    12  owmy.o(.text.OW_ReadByte)
    OW_ReadConfig                            0x08001471   Thumb Code    84  t117_mts4_ow.o(.text.OW_ReadConfig)
    OW_ReadScratchpad                        0x080014c5   Thumb Code   104  t117_mts4_ow.o(.text.OW_ReadScratchpad)
    OW_ReadTemp                              0x0800152d   Thumb Code   104  t117_mts4_ow.o(.text.OW_ReadTemp)
    OW_ReadTempWaiting                       0x08001595   Thumb Code    90  t117_mts4_ow.o(.text.OW_ReadTempWaiting)
    OW_ResetPresence                         0x080015f1   Thumb Code    12  owmy.o(.text.OW_ResetPresence)
    OW_WriteByte                             0x080015fd   Thumb Code    24  owmy.o(.text.OW_WriteByte)
    PendSV_Handler                           0x08001619   Thumb Code     4  gd32e23x_it.o(.text.PendSV_Handler)
    Read_Battery_Voltage                     0x08001669   Thumb Code    64  config.o(.text.Read_Battery_Voltage)
    SVC_Handler                              0x080016ad   Thumb Code     4  gd32e23x_it.o(.text.SVC_Handler)
    SetHeaterDuty                            0x080016b1   Thumb Code   124  config.o(.text.SetHeaterDuty)
    SysTick_Handler                          0x0800177d   Thumb Code     8  gd32e23x_it.o(.text.SysTick_Handler)
    SystemInit                               0x08001785   Thumb Code   272  system_gd32e23x.o(.text.SystemInit)
    TIMER2_IRQHandler                        0x080018b9   Thumb Code    56  gd32e23x_it.o(.text.TIMER2_IRQHandler)
    TIMER5_IRQHandler                        0x080018fd   Thumb Code   724  gd32e23x_it.o(.text.TIMER5_IRQHandler)
    adc_calibration_enable                   0x08002c61   Thumb Code    56  gd32e23x_adc.o(.text.adc_calibration_enable)
    adc_channel_length_config                0x08002c99   Thumb Code    96  gd32e23x_adc.o(.text.adc_channel_length_config)
    adc_data_alignment_config                0x08002d01   Thumb Code    44  gd32e23x_adc.o(.text.adc_data_alignment_config)
    adc_enable                               0x08002d2d   Thumb Code    24  gd32e23x_adc.o(.text.adc_enable)
    adc_external_trigger_config              0x08002d45   Thumb Code   124  gd32e23x_adc.o(.text.adc_external_trigger_config)
    adc_external_trigger_source_config       0x08002dc1   Thumb Code    80  gd32e23x_adc.o(.text.adc_external_trigger_source_config)
    adc_flag_get                             0x08002e11   Thumb Code    40  gd32e23x_adc.o(.text.adc_flag_get)
    adc_regular_channel_config               0x08002e3d   Thumb Code   328  gd32e23x_adc.o(.text.adc_regular_channel_config)
    adc_regular_data_read                    0x08002f99   Thumb Code     8  gd32e23x_adc.o(.text.adc_regular_data_read)
    adc_software_trigger_enable              0x08002fa5   Thumb Code    60  gd32e23x_adc.o(.text.adc_software_trigger_enable)
    delay_1ms                                0x08002fe5   Thumb Code    28  systick.o(.text.delay_1ms)
    delay_decrement                          0x08003001   Thumb Code    20  systick.o(.text.delay_decrement)
    fputc                                    0x08003019   Thumb Code    40  main.o(.text.fputc)
    gpio_af_set                              0x08003049   Thumb Code   192  gd32e23x_gpio.o(.text.gpio_af_set)
    gpio_bit_reset                           0x08003109   Thumb Code    16  gd32e23x_gpio.o(.text.gpio_bit_reset)
    gpio_bit_set                             0x08003119   Thumb Code    16  gd32e23x_gpio.o(.text.gpio_bit_set)
    gpio_input_bit_get                       0x08003129   Thumb Code    42  gd32e23x_gpio.o(.text.gpio_input_bit_get)
    gpio_mode_set                            0x08003153   Thumb Code   142  gd32e23x_gpio.o(.text.gpio_mode_set)
    gpio_output_options_set                  0x080031e1   Thumb Code   138  gd32e23x_gpio.o(.text.gpio_output_options_set)
    main                                     0x0800326d   Thumb Code   548  main.o(.text.main)
    nvic_irq_enable                          0x080034cd   Thumb Code    44  gd32e23x_misc.o(.text.nvic_irq_enable)
    nvic_vector_table_set                    0x080034f9   Thumb Code    28  gd32e23x_misc.o(.text.nvic_vector_table_set)
    pid_compute                              0x0800354d   Thumb Code   260  pid.o(.text.pid_compute)
    pid_init                                 0x08003651   Thumb Code    68  pid.o(.text.pid_init)
    rcu_adc_clock_config                     0x08003695   Thumb Code   384  gd32e23x_rcu.o(.text.rcu_adc_clock_config)
    rcu_clock_freq_get                       0x08003821   Thumb Code   724  gd32e23x_rcu.o(.text.rcu_clock_freq_get)
    rcu_periph_clock_enable                  0x08003b19   Thumb Code    36  gd32e23x_rcu.o(.text.rcu_periph_clock_enable)
    rcu_periph_reset_disable                 0x08003b3d   Thumb Code    36  gd32e23x_rcu.o(.text.rcu_periph_reset_disable)
    rcu_periph_reset_enable                  0x08003b61   Thumb Code    36  gd32e23x_rcu.o(.text.rcu_periph_reset_enable)
    syscfg_flag_get                          0x08003b85   Thumb Code    40  gd32e23x_syscfg.o(.text.syscfg_flag_get)
    systick_config                           0x08003d0d   Thumb Code    36  systick.o(.text.systick_config)
    timer_channel_output_config              0x08003d35   Thumb Code   740  gd32e23x_timer.o(.text.timer_channel_output_config)
    timer_channel_output_mode_config         0x08004029   Thumb Code   158  gd32e23x_timer.o(.text.timer_channel_output_mode_config)
    timer_channel_output_pulse_value_config  0x080040c9   Thumb Code    82  gd32e23x_timer.o(.text.timer_channel_output_pulse_value_config)
    timer_channel_output_shadow_config       0x0800411d   Thumb Code   158  gd32e23x_timer.o(.text.timer_channel_output_shadow_config)
    timer_channel_output_struct_para_init    0x080041bb   Thumb Code    34  gd32e23x_timer.o(.text.timer_channel_output_struct_para_init)
    timer_deinit                             0x080041dd   Thumb Code   200  gd32e23x_timer.o(.text.timer_deinit)
    timer_enable                             0x080042c5   Thumb Code    18  gd32e23x_timer.o(.text.timer_enable)
    timer_flag_clear                         0x080042d7   Thumb Code    18  gd32e23x_timer.o(.text.timer_flag_clear)
    timer_flag_get                           0x080042e9   Thumb Code    42  gd32e23x_timer.o(.text.timer_flag_get)
    timer_init                               0x08004315   Thumb Code   228  gd32e23x_timer.o(.text.timer_init)
    timer_interrupt_enable                   0x08004411   Thumb Code    20  gd32e23x_timer.o(.text.timer_interrupt_enable)
    timer_struct_para_init                   0x08004425   Thumb Code    36  gd32e23x_timer.o(.text.timer_struct_para_init)
    usart_baudrate_set                       0x080044d5   Thumb Code   172  gd32e23x_usart.o(.text.usart_baudrate_set)
    usart_data_transmit                      0x08004585   Thumb Code    20  gd32e23x_usart.o(.text.usart_data_transmit)
    usart_deinit                             0x0800459d   Thumb Code    68  gd32e23x_usart.o(.text.usart_deinit)
    usart_enable                             0x080045f1   Thumb Code    18  gd32e23x_usart.o(.text.usart_enable)
    usart_flag_get                           0x08004603   Thumb Code    60  gd32e23x_usart.o(.text.usart_flag_get)
    usart_parity_config                      0x0800463f   Thumb Code    42  gd32e23x_usart.o(.text.usart_parity_config)
    usart_receive_config                     0x08004669   Thumb Code    30  gd32e23x_usart.o(.text.usart_receive_config)
    usart_stop_bit_set                       0x08004687   Thumb Code    42  gd32e23x_usart.o(.text.usart_stop_bit_set)
    usart_transmit_config                    0x080046b1   Thumb Code    30  gd32e23x_usart.o(.text.usart_transmit_config)
    usart_word_length_set                    0x080046cf   Thumb Code    42  gd32e23x_usart.o(.text.usart_word_length_set)
    __0printf                                0x080046f9   Thumb Code    24  printfa.o(i.__0printf)
    __1printf                                0x080046f9   Thumb Code     0  printfa.o(i.__0printf)
    __2printf                                0x080046f9   Thumb Code     0  printfa.o(i.__0printf)
    __c89printf                              0x080046f9   Thumb Code     0  printfa.o(i.__0printf)
    printf                                   0x080046f9   Thumb Code     0  printfa.o(i.__0printf)
    __ARM_clz                                0x08004719   Thumb Code    46  depilogue.o(i.__ARM_clz)
    __scatterload_copy                       0x08004747   Thumb Code    14  handlers.o(i.__scatterload_copy)
    __scatterload_null                       0x08004755   Thumb Code     2  handlers.o(i.__scatterload_null)
    __scatterload_zeroinit                   0x08004757   Thumb Code    14  handlers.o(i.__scatterload_zeroinit)
    Region$$Table$$Base                      0x08005034   Number         0  anon$$obj.o(Region$$Table)
    Region$$Table$$Limit                     0x08005054   Number         0  anon$$obj.o(Region$$Table)
    __stdout                                 0x20000000   Data           4  stdout.o(.data)
    SystemCoreClock                          0x20000004   Data           4  system_gd32e23x.o(.data.SystemCoreClock)
    lysis1_prev_pb6                          0x20000008   Data           1  main.o(.data.lysis1_prev_pb6)
    lysis2_prev_pb6                          0x20000009   Data           1  main.o(.data.lysis2_prev_pb6)
    lysis3_prev_pb6                          0x2000000a   Data           1  main.o(.data.lysis3_prev_pb6)
    zone1_prev_pa6                           0x2000000b   Data           1  main.o(.data.zone1_prev_pa6)
    zone2_prev_pa6                           0x2000000c   Data           1  main.o(.data.zone2_prev_pa6)
    ID_Buff                                  0x20000010   Data         128  t117_mts4_ow.o(.bss.ID_Buff)
    blink_state                              0x20000092   Data           1  main.o(.bss.blink_state)
    flag_100ms                               0x20000098   Data           1  config.o(.bss.flag_100ms)
    g_timer2_period                          0x2000009c   Data           4  config.o(.bss.g_timer2_period)
    green_blink_enable                       0x200000a0   Data           1  main.o(.bss.green_blink_enable)
    green_steady_on                          0x200000a1   Data           1  main.o(.bss.green_steady_on)
    lysis1_blink_count                       0x200000a2   Data           1  main.o(.bss.lysis1_blink_count)
    lysis1_blink_state                       0x200000a3   Data           1  main.o(.bss.lysis1_blink_state)
    lysis1_insert_blink_count                0x200000a4   Data           1  main.o(.bss.lysis1_insert_blink_count)
    lysis1_led_state                         0x200000a5   Data           1  main.o(.bss.lysis1_led_state)
    lysis1_state                             0x200000a6   Data           1  main.o(.bss.lysis1_state)
    lysis1_timer                             0x200000a8   Data           4  main.o(.bss.lysis1_timer)
    lysis2_blink_count                       0x200000ac   Data           1  main.o(.bss.lysis2_blink_count)
    lysis2_blink_state                       0x200000ad   Data           1  main.o(.bss.lysis2_blink_state)
    lysis2_insert_blink_count                0x200000ae   Data           1  main.o(.bss.lysis2_insert_blink_count)
    lysis2_led_state                         0x200000af   Data           1  main.o(.bss.lysis2_led_state)
    lysis2_state                             0x200000b0   Data           1  main.o(.bss.lysis2_state)
    lysis2_timer                             0x200000b4   Data           4  main.o(.bss.lysis2_timer)
    lysis3_blink_count                       0x200000b8   Data           1  main.o(.bss.lysis3_blink_count)
    lysis3_blink_state                       0x200000b9   Data           1  main.o(.bss.lysis3_blink_state)
    lysis3_insert_blink_count                0x200000ba   Data           1  main.o(.bss.lysis3_insert_blink_count)
    lysis3_led_state                         0x200000bb   Data           1  main.o(.bss.lysis3_led_state)
    lysis3_state                             0x200000bc   Data           1  main.o(.bss.lysis3_state)
    lysis3_timer                             0x200000c0   Data           4  main.o(.bss.lysis3_timer)
    red_blink_enable                         0x200000c4   Data           1  main.o(.bss.red_blink_enable)
    red_steady_on                            0x200000c5   Data           1  main.o(.bss.red_steady_on)
    zone1_blink_count                        0x200000c6   Data           1  main.o(.bss.zone1_blink_count)
    zone1_blink_state                        0x200000c7   Data           1  main.o(.bss.zone1_blink_state)
    zone1_insert_blink_count                 0x200000c8   Data           1  main.o(.bss.zone1_insert_blink_count)
    zone1_led_state                          0x200000c9   Data           1  main.o(.bss.zone1_led_state)
    zone1_state                              0x200000ca   Data           1  main.o(.bss.zone1_state)
    zone1_timer                              0x200000cc   Data           4  main.o(.bss.zone1_timer)
    zone2_blink_count                        0x200000d0   Data           1  main.o(.bss.zone2_blink_count)
    zone2_blink_state                        0x200000d1   Data           1  main.o(.bss.zone2_blink_state)
    zone2_insert_blink_count                 0x200000d2   Data           1  main.o(.bss.zone2_insert_blink_count)
    zone2_led_state                          0x200000d3   Data           1  main.o(.bss.zone2_led_state)
    zone2_state                              0x200000d4   Data           1  main.o(.bss.zone2_state)
    zone2_timer                              0x200000d8   Data           4  main.o(.bss.zone2_timer)
    __initial_sp                             0x200004e0   Data           0  startup_gd32e23x.o(STACK)



==============================================================================

Memory Map of the image

  Image Entry point : 0x080000cd

  Load Region LR_IROM1 (Base: 0x08000000, Size: 0x00005068, Max: 0x00010000, ABSOLUTE)

    Execution Region ER_IROM1 (Exec base: 0x08000000, Load base: 0x08000000, Size: 0x00005054, Max: 0x00010000, ABSOLUTE)

    Exec Addr    Load Addr    Size         Type   Attr      Idx    E Section Name        Object

    0x08000000   0x08000000   0x000000cc   Data   RO         1426    RESET               startup_gd32e23x.o
    0x080000cc   0x080000cc   0x00000000   Code   RO         1433  * .ARM.Collect$$$$00000000  mc_p.l(entry.o)
    0x080000cc   0x080000cc   0x00000004   Code   RO         1498    .ARM.Collect$$$$00000001  mc_p.l(entry2.o)
    0x080000d0   0x080000d0   0x00000004   Code   RO         1501    .ARM.Collect$$$$00000004  mc_p.l(entry5.o)
    0x080000d4   0x080000d4   0x00000000   Code   RO         1503    .ARM.Collect$$$$00000008  mc_p.l(entry7b.o)
    0x080000d4   0x080000d4   0x00000000   Code   RO         1505    .ARM.Collect$$$$0000000A  mc_p.l(entry8b.o)
    0x080000d4   0x080000d4   0x00000008   Code   RO         1506    .ARM.Collect$$$$0000000B  mc_p.l(entry9a.o)
    0x080000dc   0x080000dc   0x00000000   Code   RO         1508    .ARM.Collect$$$$0000000D  mc_p.l(entry10a.o)
    0x080000dc   0x080000dc   0x00000000   Code   RO         1510    .ARM.Collect$$$$0000000F  mc_p.l(entry11a.o)
    0x080000dc   0x080000dc   0x00000004   Code   RO         1499    .ARM.Collect$$$$00002712  mc_p.l(entry2.o)
    0x080000e0   0x080000e0   0x00000044   Code   RO         1427    .text               startup_gd32e23x.o
    0x08000124   0x08000124   0x00000060   Code   RO         1436    .text               mc_p.l(uldiv.o)
    0x08000184   0x08000184   0x00000030   Code   RO         1438    .text               mc_p.l(llmul.o)
    0x080001b4   0x080001b4   0x00000024   Code   RO         1440    .text               mc_p.l(memseta.o)
    0x080001d8   0x080001d8   0x000000b2   Code   RO         1470    .text               mf_p.l(fadd.o)
    0x0800028a   0x0800028a   0x0000007a   Code   RO         1472    .text               mf_p.l(fmul.o)
    0x08000304   0x08000304   0x0000007c   Code   RO         1474    .text               mf_p.l(fdiv.o)
    0x08000380   0x08000380   0x00000164   Code   RO         1476    .text               mf_p.l(dadd.o)
    0x080004e4   0x080004e4   0x000000d0   Code   RO         1478    .text               mf_p.l(dmul.o)
    0x080005b4   0x080005b4   0x0000001c   Code   RO         1480    .text               mf_p.l(fcmple.o)
    0x080005d0   0x080005d0   0x0000001c   Code   RO         1482    .text               mf_p.l(fcmplt.o)
    0x080005ec   0x080005ec   0x0000001c   Code   RO         1484    .text               mf_p.l(fcmpge.o)
    0x08000608   0x08000608   0x00000016   Code   RO         1486    .text               mf_p.l(fflti.o)
    0x0800061e   0x0800061e   0x0000000e   Code   RO         1488    .text               mf_p.l(ffltui.o)
    0x0800062c   0x0800062c   0x00000032   Code   RO         1490    .text               mf_p.l(ffixi.o)
    0x0800065e   0x0800065e   0x00000028   Code   RO         1494    .text               mf_p.l(f2d.o)
    0x08000686   0x08000686   0x00000038   Code   RO         1496    .text               mf_p.l(d2f.o)
    0x080006be   0x080006be   0x00000020   Code   RO         1517    .text               mc_p.l(llshl.o)
    0x080006de   0x080006de   0x00000022   Code   RO         1519    .text               mc_p.l(llushr.o)
    0x08000700   0x08000700   0x00000026   Code   RO         1521    .text               mc_p.l(llsshr.o)
    0x08000726   0x08000726   0x00000000   Code   RO         1523    .text               mc_p.l(iusefp.o)
    0x08000726   0x08000726   0x00000082   Code   RO         1524    .text               mf_p.l(fepilogue.o)
    0x080007a8   0x080007a8   0x000000be   Code   RO         1526    .text               mf_p.l(depilogue.o)
    0x08000866   0x08000866   0x00000002   PAD
    0x08000868   0x08000868   0x000000f0   Code   RO         1530    .text               mf_p.l(ddiv.o)
    0x08000958   0x08000958   0x00000040   Code   RO         1532    .text               mf_p.l(dfixul.o)
    0x08000998   0x08000998   0x00000028   Code   RO         1534    .text               mf_p.l(cdrcmple.o)
    0x080009c0   0x080009c0   0x00000030   Code   RO         1536    .text               mc_p.l(init.o)
    0x080009f0   0x080009f0   0x0000003e   Code   RO         1540    .text               mc_p.l(uidiv_div0.o)
    0x08000a2e   0x08000a2e   0x00000002   PAD
    0x08000a30   0x08000a30   0x0000006c   Code   RO          194    .text.ADC_Config    config.o
    0x08000a9c   0x08000a9c   0x00000198   Code   RO          190    .text.Config_Timer2_Init  config.o
    0x08000c34   0x08000c34   0x0000001e   Code   RO          177    .text.Delay_ms      delay.o
    0x08000c52   0x08000c52   0x00000002   PAD
    0x08000c54   0x08000c54   0x000000e8   Code   RO          175    .text.Delay_us      delay.o
    0x08000d3c   0x08000d3c   0x00000060   Code   RO          165    .text.GetTemp       t117_mts4_ow.o
    0x08000d9c   0x08000d9c   0x00000044   Code   RO          247    .text.GetTemp2      ow2.o
    0x08000de0   0x08000de0   0x00000004   Code   RO            4    .text.HardFault_Handler  gd32e23x_it.o
    0x08000de4   0x08000de4   0x00000108   Code   RO          186    .text.IO_Config     config.o
    0x08000eec   0x08000eec   0x00000088   Code   RO          141    .text.MY_CRC8       t117_mts4_ow.o
    0x08000f74   0x08000f74   0x00000038   Code   RO          137    .text.MY_OutputtoTemp  t117_mts4_ow.o
    0x08000fac   0x08000fac   0x00000024   Code   RO            2    .text.NMI_Handler   gd32e23x_it.o
    0x08000fd0   0x08000fd0   0x0000002e   Code   RO          237    .text.OW2_ConvertTemp  ow2.o
    0x08000ffe   0x08000ffe   0x00000002   PAD
    0x08001000   0x08001000   0x00000038   Code   RO          219    .text.OW2_Init      ow2.o
    0x08001038   0x08001038   0x00000028   Code   RO          249    .text.OW2_OutputtoTemp  ow2.o
    0x08001060   0x08001060   0x0000002e   Code   RO          231    .text.OW2_ReadBit   ow2.o
    0x0800108e   0x0800108e   0x00000040   Code   RO          235    .text.OW2_ReadByte  ow2.o
    0x080010ce   0x080010ce   0x00000068   Code   RO          239    .text.OW2_ReadTemp  ow2.o
    0x08001136   0x08001136   0x0000005a   Code   RO          245    .text.OW2_ReadTempWaiting  ow2.o
    0x08001190   0x08001190   0x0000007a   Code   RO          223    .text.OW2_ResetPresence  ow2.o
    0x0800120a   0x0800120a   0x00000040   Code   RO          229    .text.OW2_WriteBit  ow2.o
    0x0800124a   0x0800124a   0x0000003a   Code   RO          233    .text.OW2_WriteByte  ow2.o
    0x08001284   0x08001284   0x00000032   Code   RO          258    .text.OW_Common_Init  ow_common.o
    0x080012b6   0x080012b6   0x00000042   Code   RO          264    .text.OW_Common_ReadBit  ow_common.o
    0x080012f8   0x080012f8   0x00000044   Code   RO          268    .text.OW_Common_ReadByte  ow_common.o
    0x0800133c   0x0800133c   0x00000046   Code   RO          260    .text.OW_Common_ResetPresence  ow_common.o
    0x08001382   0x08001382   0x00000058   Code   RO          262    .text.OW_Common_WriteBit  ow_common.o
    0x080013da   0x080013da   0x0000003e   Code   RO          266    .text.OW_Common_WriteByte  ow_common.o
    0x08001418   0x08001418   0x00000038   Code   RO          157    .text.OW_ConvertTemp  t117_mts4_ow.o
    0x08001450   0x08001450   0x00000014   Code   RO          115    .text.OW_Init       owmy.o
    0x08001464   0x08001464   0x0000000c   Code   RO          127    .text.OW_ReadByte   owmy.o
    0x08001470   0x08001470   0x00000054   Code   RO          163    .text.OW_ReadConfig  t117_mts4_ow.o
    0x080014c4   0x080014c4   0x00000068   Code   RO          147    .text.OW_ReadScratchpad  t117_mts4_ow.o
    0x0800152c   0x0800152c   0x00000068   Code   RO          145    .text.OW_ReadTemp   t117_mts4_ow.o
    0x08001594   0x08001594   0x0000005a   Code   RO          159    .text.OW_ReadTempWaiting  t117_mts4_ow.o
    0x080015ee   0x080015ee   0x00000002   PAD
    0x080015f0   0x080015f0   0x0000000c   Code   RO          117    .text.OW_ResetPresence  owmy.o
    0x080015fc   0x080015fc   0x0000001c   Code   RO          125    .text.OW_WriteByte  owmy.o
    0x08001618   0x08001618   0x00000004   Code   RO            8    .text.PendSV_Handler  gd32e23x_it.o
    0x0800161c   0x0800161c   0x0000004c   Code   RO           28    .text.PowerLEDs_Init  main.o
    0x08001668   0x08001668   0x00000044   Code   RO          196    .text.Read_Battery_Voltage  config.o
    0x080016ac   0x080016ac   0x00000004   Code   RO            6    .text.SVC_Handler   gd32e23x_it.o
    0x080016b0   0x080016b0   0x00000080   Code   RO          192    .text.SetHeaterDuty  config.o
    0x08001730   0x08001730   0x0000004c   Code   RO           99    .text.SysTick_Config  systick.o
    0x0800177c   0x0800177c   0x00000008   Code   RO           10    .text.SysTick_Handler  gd32e23x_it.o
    0x08001784   0x08001784   0x00000134   Code   RO          287    .text.SystemInit    system_gd32e23x.o
    0x080018b8   0x080018b8   0x00000044   Code   RO           12    .text.TIMER2_IRQHandler  gd32e23x_it.o
    0x080018fc   0x080018fc   0x00000324   Code   RO           14    .text.TIMER5_IRQHandler  gd32e23x_it.o
    0x08001c20   0x08001c20   0x00000070   Code   RO           30    .text.Timer5_Init_ms  main.o
    0x08001c90   0x08001c90   0x00000078   Code   RO           32    .text.UpdateHeater  main.o
    0x08001d08   0x08001d08   0x000000f4   Code   RO           38    .text.UpdateLysis1State  main.o
    0x08001dfc   0x08001dfc   0x000000f8   Code   RO           40    .text.UpdateLysis2State  main.o
    0x08001ef4   0x08001ef4   0x00000154   Code   RO           42    .text.UpdateLysis3State  main.o
    0x08002048   0x08002048   0x00000098   Code   RO           44    .text.UpdatePowerLEDs  main.o
    0x080020e0   0x080020e0   0x000000fc   Code   RO           34    .text.UpdateZone1State  main.o
    0x080021dc   0x080021dc   0x00000100   Code   RO           36    .text.UpdateZone2State  main.o
    0x080022dc   0x080022dc   0x00000828   Code   RO           46    .text.UpdateZoneLEDs  main.o
    0x08002b04   0x08002b04   0x00000034   Code   RO          764    .text.__NVIC_EnableIRQ  gd32e23x_misc.o
    0x08002b38   0x08002b38   0x0000007c   Code   RO          101    .text.__NVIC_SetPriority  systick.o
    0x08002bb4   0x08002bb4   0x00000084   Code   RO          762    .text.__NVIC_SetPriority  gd32e23x_misc.o
    0x08002c38   0x08002c38   0x00000026   Code   RO          289    .text._soft_delay_  system_gd32e23x.o
    0x08002c5e   0x08002c5e   0x00000002   PAD
    0x08002c60   0x08002c60   0x00000038   Code   RO          314    .text.adc_calibration_enable  gd32e23x_adc.o
    0x08002c98   0x08002c98   0x00000068   Code   RO          330    .text.adc_channel_length_config  gd32e23x_adc.o
    0x08002d00   0x08002d00   0x0000002c   Code   RO          328    .text.adc_data_alignment_config  gd32e23x_adc.o
    0x08002d2c   0x08002d2c   0x00000018   Code   RO          310    .text.adc_enable    gd32e23x_adc.o
    0x08002d44   0x08002d44   0x0000007c   Code   RO          338    .text.adc_external_trigger_config  gd32e23x_adc.o
    0x08002dc0   0x08002dc0   0x00000050   Code   RO          340    .text.adc_external_trigger_source_config  gd32e23x_adc.o
    0x08002e10   0x08002e10   0x0000002c   Code   RO          348    .text.adc_flag_get  gd32e23x_adc.o
    0x08002e3c   0x08002e3c   0x0000015c   Code   RO          332    .text.adc_regular_channel_config  gd32e23x_adc.o
    0x08002f98   0x08002f98   0x0000000c   Code   RO          344    .text.adc_regular_data_read  gd32e23x_adc.o
    0x08002fa4   0x08002fa4   0x00000040   Code   RO          342    .text.adc_software_trigger_enable  gd32e23x_adc.o
    0x08002fe4   0x08002fe4   0x0000001c   Code   RO          103    .text.delay_1ms     systick.o
    0x08003000   0x08003000   0x00000018   Code   RO          105    .text.delay_decrement  systick.o
    0x08003018   0x08003018   0x00000030   Code   RO           24    .text.fputc         main.o
    0x08003048   0x08003048   0x000000c0   Code   RO          666    .text.gpio_af_set   gd32e23x_gpio.o
    0x08003108   0x08003108   0x00000010   Code   RO          652    .text.gpio_bit_reset  gd32e23x_gpio.o
    0x08003118   0x08003118   0x00000010   Code   RO          650    .text.gpio_bit_set  gd32e23x_gpio.o
    0x08003128   0x08003128   0x0000002a   Code   RO          658    .text.gpio_input_bit_get  gd32e23x_gpio.o
    0x08003152   0x08003152   0x0000008e   Code   RO          646    .text.gpio_mode_set  gd32e23x_gpio.o
    0x080031e0   0x080031e0   0x0000008a   Code   RO          648    .text.gpio_output_options_set  gd32e23x_gpio.o
    0x0800326a   0x0800326a   0x00000002   PAD
    0x0800326c   0x0800326c   0x00000260   Code   RO           26    .text.main          main.o
    0x080034cc   0x080034cc   0x0000002c   Code   RO          760    .text.nvic_irq_enable  gd32e23x_misc.o
    0x080034f8   0x080034f8   0x00000024   Code   RO          774    .text.nvic_vector_table_set  gd32e23x_misc.o
    0x0800351c   0x0800351c   0x00000010   Code   RO          227    .text.ow2_DQ_get    ow2.o
    0x0800352c   0x0800352c   0x00000010   Code   RO          225    .text.ow2_DQ_reset  ow2.o
    0x0800353c   0x0800353c   0x00000010   Code   RO          221    .text.ow2_DQ_set    ow2.o
    0x0800354c   0x0800354c   0x00000104   Code   RO          210    .text.pid_compute   pid.o
    0x08003650   0x08003650   0x00000044   Code   RO          208    .text.pid_init      pid.o
    0x08003694   0x08003694   0x0000018c   Code   RO          850    .text.rcu_adc_clock_config  gd32e23x_rcu.o
    0x08003820   0x08003820   0x000002f8   Code   RO          888    .text.rcu_clock_freq_get  gd32e23x_rcu.o
    0x08003b18   0x08003b18   0x00000024   Code   RO          824    .text.rcu_periph_clock_enable  gd32e23x_rcu.o
    0x08003b3c   0x08003b3c   0x00000024   Code   RO          834    .text.rcu_periph_reset_disable  gd32e23x_rcu.o
    0x08003b60   0x08003b60   0x00000024   Code   RO          832    .text.rcu_periph_reset_enable  gd32e23x_rcu.o
    0x08003b84   0x08003b84   0x0000002c   Code   RO         1091    .text.syscfg_flag_get  gd32e23x_syscfg.o
    0x08003bb0   0x08003bb0   0x00000154   Code   RO          297    .text.system_clock_72m_hxtal  system_gd32e23x.o
    0x08003d04   0x08003d04   0x00000008   Code   RO          291    .text.system_clock_config  system_gd32e23x.o
    0x08003d0c   0x08003d0c   0x00000028   Code   RO           97    .text.systick_config  systick.o
    0x08003d34   0x08003d34   0x000002f4   Code   RO         1186    .text.timer_channel_output_config  gd32e23x_timer.o
    0x08004028   0x08004028   0x0000009e   Code   RO         1188    .text.timer_channel_output_mode_config  gd32e23x_timer.o
    0x080040c6   0x080040c6   0x00000002   PAD
    0x080040c8   0x080040c8   0x00000052   Code   RO         1190    .text.timer_channel_output_pulse_value_config  gd32e23x_timer.o
    0x0800411a   0x0800411a   0x00000002   PAD
    0x0800411c   0x0800411c   0x0000009e   Code   RO         1192    .text.timer_channel_output_shadow_config  gd32e23x_timer.o
    0x080041ba   0x080041ba   0x00000022   Code   RO         1184    .text.timer_channel_output_struct_para_init  gd32e23x_timer.o
    0x080041dc   0x080041dc   0x000000e8   Code   RO         1102    .text.timer_deinit  gd32e23x_timer.o
    0x080042c4   0x080042c4   0x00000012   Code   RO         1108    .text.timer_enable  gd32e23x_timer.o
    0x080042d6   0x080042d6   0x00000012   Code   RO         1154    .text.timer_flag_clear  gd32e23x_timer.o
    0x080042e8   0x080042e8   0x0000002a   Code   RO         1152    .text.timer_flag_get  gd32e23x_timer.o
    0x08004312   0x08004312   0x00000002   PAD
    0x08004314   0x08004314   0x000000fc   Code   RO         1106    .text.timer_init    gd32e23x_timer.o
    0x08004410   0x08004410   0x00000014   Code   RO         1144    .text.timer_interrupt_enable  gd32e23x_timer.o
    0x08004424   0x08004424   0x00000028   Code   RO         1104    .text.timer_struct_para_init  gd32e23x_timer.o
    0x0800444c   0x0800444c   0x00000088   Code   RO          188    .text.usart1_init_local  config.o
    0x080044d4   0x080044d4   0x000000b0   Code   RO         1257    .text.usart_baudrate_set  gd32e23x_usart.o
    0x08004584   0x08004584   0x00000018   Code   RO         1291    .text.usart_data_transmit  gd32e23x_usart.o
    0x0800459c   0x0800459c   0x00000054   Code   RO         1255    .text.usart_deinit  gd32e23x_usart.o
    0x080045f0   0x080045f0   0x00000012   Code   RO         1265    .text.usart_enable  gd32e23x_usart.o
    0x08004602   0x08004602   0x0000003c   Code   RO         1383    .text.usart_flag_get  gd32e23x_usart.o
    0x0800463e   0x0800463e   0x0000002a   Code   RO         1259    .text.usart_parity_config  gd32e23x_usart.o
    0x08004668   0x08004668   0x0000001e   Code   RO         1271    .text.usart_receive_config  gd32e23x_usart.o
    0x08004686   0x08004686   0x0000002a   Code   RO         1263    .text.usart_stop_bit_set  gd32e23x_usart.o
    0x080046b0   0x080046b0   0x0000001e   Code   RO         1269    .text.usart_transmit_config  gd32e23x_usart.o
    0x080046ce   0x080046ce   0x0000002a   Code   RO         1261    .text.usart_word_length_set  gd32e23x_usart.o
    0x080046f8   0x080046f8   0x00000020   Code   RO         1443    i.__0printf         mc_p.l(printfa.o)
    0x08004718   0x08004718   0x0000002e   Code   RO         1528    i.__ARM_clz         mf_p.l(depilogue.o)
    0x08004746   0x08004746   0x0000000e   Code   RO         1548    i.__scatterload_copy  mc_p.l(handlers.o)
    0x08004754   0x08004754   0x00000002   Code   RO         1549    i.__scatterload_null  mc_p.l(handlers.o)
    0x08004756   0x08004756   0x0000000e   Code   RO         1550    i.__scatterload_zeroinit  mc_p.l(handlers.o)
    0x08004764   0x08004764   0x00000174   Code   RO         1450    i._fp_digits        mc_p.l(printfa.o)
    0x080048d8   0x080048d8   0x000006ec   Code   RO         1451    i._printf_core      mc_p.l(printfa.o)
    0x08004fc4   0x08004fc4   0x00000020   Code   RO         1452    i._printf_post_padding  mc_p.l(printfa.o)
    0x08004fe4   0x08004fe4   0x0000002c   Code   RO         1453    i._printf_pre_padding  mc_p.l(printfa.o)
    0x08005010   0x08005010   0x00000008   Data   RO          129    .rodata.ow1         owmy.o
    0x08005018   0x08005018   0x0000001b   Data   RO           88    .rodata.str1.1      main.o
    0x08005033   0x08005033   0x00000001   PAD
    0x08005034   0x08005034   0x00000020   Data   RO         1547    Region$$Table       anon$$obj.o


    Execution Region RW_IRAM1 (Exec base: 0x20000000, Load base: 0x08005058, Size: 0x000004e0, Max: 0x00002000, ABSOLUTE)

    Exec Addr    Load Addr    Size         Type   Attr      Idx    E Section Name        Object

    0x20000000   0x08005058   0x00000004   Data   RW         1512    .data               mc_p.l(stdout.o)
    0x20000004   0x0800505c   0x00000004   Data   RW          299    .data.SystemCoreClock  system_gd32e23x.o
    0x20000008   0x08005060   0x00000001   Data   RW           73    .data.lysis1_prev_pb6  main.o
    0x20000009   0x08005061   0x00000001   Data   RW           80    .data.lysis2_prev_pb6  main.o
    0x2000000a   0x08005062   0x00000001   Data   RW           87    .data.lysis3_prev_pb6  main.o
    0x2000000b   0x08005063   0x00000001   Data   RW           59    .data.zone1_prev_pa6  main.o
    0x2000000c   0x08005064   0x00000001   Data   RW           66    .data.zone2_prev_pa6  main.o
    0x2000000d   0x08005065   0x00000003   PAD
    0x20000010        -       0x00000080   Zero   RW          167    .bss.ID_Buff        t117_mts4_ow.o
    0x20000090        -       0x00000002   Zero   RW           16    .bss.TIMER2_IRQHandler.ms_count_100ms  gd32e23x_it.o
    0x20000092        -       0x00000001   Zero   RW           52    .bss.blink_state    main.o
    0x20000093   0x08005065   0x00000001   PAD
    0x20000094        -       0x00000004   Zero   RW          107    .bss.delay          systick.o
    0x20000098        -       0x00000001   Zero   RW          199    .bss.flag_100ms     config.o
    0x20000099   0x08005065   0x00000003   PAD
    0x2000009c        -       0x00000004   Zero   RW          198    .bss.g_timer2_period  config.o
    0x200000a0        -       0x00000001   Zero   RW           49    .bss.green_blink_enable  main.o
    0x200000a1        -       0x00000001   Zero   RW           51    .bss.green_steady_on  main.o
    0x200000a2        -       0x00000001   Zero   RW           70    .bss.lysis1_blink_count  main.o
    0x200000a3        -       0x00000001   Zero   RW           71    .bss.lysis1_blink_state  main.o
    0x200000a4        -       0x00000001   Zero   RW           72    .bss.lysis1_insert_blink_count  main.o
    0x200000a5        -       0x00000001   Zero   RW           68    .bss.lysis1_led_state  main.o
    0x200000a6        -       0x00000001   Zero   RW           67    .bss.lysis1_state   main.o
    0x200000a7   0x08005065   0x00000001   PAD
    0x200000a8        -       0x00000004   Zero   RW           69    .bss.lysis1_timer   main.o
    0x200000ac        -       0x00000001   Zero   RW           77    .bss.lysis2_blink_count  main.o
    0x200000ad        -       0x00000001   Zero   RW           78    .bss.lysis2_blink_state  main.o
    0x200000ae        -       0x00000001   Zero   RW           79    .bss.lysis2_insert_blink_count  main.o
    0x200000af        -       0x00000001   Zero   RW           75    .bss.lysis2_led_state  main.o
    0x200000b0        -       0x00000001   Zero   RW           74    .bss.lysis2_state   main.o
    0x200000b1   0x08005065   0x00000003   PAD
    0x200000b4        -       0x00000004   Zero   RW           76    .bss.lysis2_timer   main.o
    0x200000b8        -       0x00000001   Zero   RW           84    .bss.lysis3_blink_count  main.o
    0x200000b9        -       0x00000001   Zero   RW           85    .bss.lysis3_blink_state  main.o
    0x200000ba        -       0x00000001   Zero   RW           86    .bss.lysis3_insert_blink_count  main.o
    0x200000bb        -       0x00000001   Zero   RW           82    .bss.lysis3_led_state  main.o
    0x200000bc        -       0x00000001   Zero   RW           81    .bss.lysis3_state   main.o
    0x200000bd   0x08005065   0x00000003   PAD
    0x200000c0        -       0x00000004   Zero   RW           83    .bss.lysis3_timer   main.o
    0x200000c4        -       0x00000001   Zero   RW           48    .bss.red_blink_enable  main.o
    0x200000c5        -       0x00000001   Zero   RW           50    .bss.red_steady_on  main.o
    0x200000c6        -       0x00000001   Zero   RW           56    .bss.zone1_blink_count  main.o
    0x200000c7        -       0x00000001   Zero   RW           57    .bss.zone1_blink_state  main.o
    0x200000c8        -       0x00000001   Zero   RW           58    .bss.zone1_insert_blink_count  main.o
    0x200000c9        -       0x00000001   Zero   RW           54    .bss.zone1_led_state  main.o
    0x200000ca        -       0x00000001   Zero   RW           53    .bss.zone1_state    main.o
    0x200000cb   0x08005065   0x00000001   PAD
    0x200000cc        -       0x00000004   Zero   RW           55    .bss.zone1_timer    main.o
    0x200000d0        -       0x00000001   Zero   RW           63    .bss.zone2_blink_count  main.o
    0x200000d1        -       0x00000001   Zero   RW           64    .bss.zone2_blink_state  main.o
    0x200000d2        -       0x00000001   Zero   RW           65    .bss.zone2_insert_blink_count  main.o
    0x200000d3        -       0x00000001   Zero   RW           61    .bss.zone2_led_state  main.o
    0x200000d4        -       0x00000001   Zero   RW           60    .bss.zone2_state    main.o
    0x200000d5   0x08005065   0x00000003   PAD
    0x200000d8        -       0x00000004   Zero   RW           62    .bss.zone2_timer    main.o
    0x200000dc   0x08005065   0x00000004   PAD
    0x200000e0        -       0x00000400   Zero   RW         1424    STACK               startup_gd32e23x.o


==============================================================================

Image component sizes


      Code (inc. data)   RO Data    RW Data    ZI Data      Debug   Object Name

      1112         68          0          0          5       4394   config.o
       262         24          0          0          0       1426   delay.o
       900         40          0          0          0       7776   gd32e23x_adc.o
       546          0          0          0          0       4333   gd32e23x_gpio.o
       928         92          0          0          2       2009   gd32e23x_it.o
       264         20          0          0          0       4004   gd32e23x_misc.o
      1264         48          0          0          0      11433   gd32e23x_rcu.o
        44          4          0          0          0       2848   gd32e23x_syscfg.o
      1810         76          0          0          0      17044   gd32e23x_timer.o
       548         24          0          0          0      13792   gd32e23x_usart.o
      4544        352         27          5         50       9922   main.o
       806          8          0          0          0       4568   ow2.o
       404          0          0          0          0       3236   ow_common.o
        72          8          8          0          0       2095   owmy.o
       328          0          0          0          0       1394   pid.o
        68         22        204          0       1024        760   startup_gd32e23x.o
       694         56          0          4          0       2445   system_gd32e23x.o
       292         20          0          0          4       3079   systick.o
       726         12          0          0        128       5870   t117_mts4_ow.o

    ----------------------------------------------------------------------
     15628        874        272         12       1232     102428   Object Totals
         0          0         32          0          0          0   (incl. Generated)
        16          0          1          3         19          0   (incl. Padding)

    ----------------------------------------------------------------------

      Code (inc. data)   RO Data    RW Data    ZI Data      Debug   Library Member Name

         0          0          0          0          0          0   entry.o
         0          0          0          0          0          0   entry10a.o
         0          0          0          0          0          0   entry11a.o
         8          4          0          0          0          0   entry2.o
         4          0          0          0          0          0   entry5.o
         0          0          0          0          0          0   entry7b.o
         0          0          0          0          0          0   entry8b.o
         8          4          0          0          0          0   entry9a.o
        30          0          0          0          0          0   handlers.o
        48         10          0          0          0         68   init.o
         0          0          0          0          0          0   iusefp.o
        48          0          0          0          0         72   llmul.o
        32          0          0          0          0         68   llshl.o
        38          0          0          0          0         68   llsshr.o
        34          0          0          0          0         68   llushr.o
        36          0          0          0          0        100   memseta.o
      2252         98          0          0          0        412   printfa.o
         0          0          0          4          0          0   stdout.o
        62          0          0          0          0         72   uidiv_div0.o
        96          0          0          0          0         84   uldiv.o
        40          2          0          0          0         68   cdrcmple.o
        56          0          0          0          0         68   d2f.o
       356          4          0          0          0        140   dadd.o
       240          6          0          0          0         84   ddiv.o
       236          0          0          0          0        216   depilogue.o
        64         10          0          0          0         68   dfixul.o
       208          6          0          0          0         88   dmul.o
        40          0          0          0          0         60   f2d.o
       178          0          0          0          0        108   fadd.o
        28          0          0          0          0         60   fcmpge.o
        28          0          0          0          0         60   fcmple.o
        28          0          0          0          0         60   fcmplt.o
       124          0          0          0          0         72   fdiv.o
       130          0          0          0          0        144   fepilogue.o
        50          0          0          0          0         60   ffixi.o
        22          0          0          0          0         68   fflti.o
        14          0          0          0          0         68   ffltui.o
       122          0          0          0          0         72   fmul.o

    ----------------------------------------------------------------------
      4664        144          0          4          0       2576   Library Totals
         4          0          0          0          0          0   (incl. Padding)

    ----------------------------------------------------------------------

      Code (inc. data)   RO Data    RW Data    ZI Data      Debug   Library Name

      2696        116          0          4          0       1012   mc_p.l
      1964         28          0          0          0       1564   mf_p.l

    ----------------------------------------------------------------------
      4664        144          0          4          0       2576   Library Totals

    ----------------------------------------------------------------------

==============================================================================


      Code (inc. data)   RO Data    RW Data    ZI Data      Debug   

     20292       1018        272         16       1232     103532   Grand Totals
     20292       1018        272         16       1232     103532   ELF Image Totals
     20292       1018        272         16          0          0   ROM Totals

==============================================================================

    Total RO  Size (Code + RO Data)                20564 (  20.08kB)
    Total RW  Size (RW Data + ZI Data)              1248 (   1.22kB)
    Total ROM Size (Code + RO Data + RW Data)      20580 (  20.10kB)

==============================================================================

